2026-01-26 20:19:14 | INFO     | Logging configured
2026-01-26 20:19:14 | INFO     | ======================================================================
2026-01-26 20:19:14 | INFO     | ğŸ¤– WhatsApp Form Auto-Fill System - MVP Phase 1
2026-01-26 20:19:14 | INFO     | ======================================================================
2026-01-26 20:19:14 | INFO     | ğŸ‘¤ Student: Halil Eren KepiÃ§
2026-01-26 20:19:14 | INFO     | ğŸ†” ID: 2306002093
2026-01-26 20:19:14 | INFO     | ğŸ“ Database: C:\Users\90505\OneDrive\Desktop\halilo\whatsapp_form_filler\data\whatsapp_form_filler.db
2026-01-26 20:19:14 | INFO     | ğŸ“‚ Logs: C:\Users\90505\OneDrive\Desktop\halilo\whatsapp_form_filler\logs
2026-01-26 20:19:14 | INFO     | ======================================================================
2026-01-26 20:19:14 | WARNING  | âš ï¸  OpenAI API key not configured - AI fallback disabled
2026-01-26 20:19:14 | INFO     | ğŸ­ Initializing Form Filling Orchestrator...
2026-01-26 20:19:14 | INFO     | ğŸ§  Form Intelligence Agent initialized with 3 plugins
2026-01-26 20:19:14 | INFO     | Creating database...
2026-01-26 20:19:14 | SUCCESS  | âœ… Database created
2026-01-26 20:19:14 | INFO     | ğŸ“ Verification & Logging Agent initialized
2026-01-26 20:19:14 | SUCCESS  | âœ… Orchestrator initialized
2026-01-26 20:19:14 | INFO     | ğŸš€ Starting orchestrator...
2026-01-26 20:19:14 | INFO     | ğŸš€ Starting browser automation agent...
2026-01-26 20:19:14 | ERROR    | Fatal error: It looks like you are using Playwright Sync API inside the asyncio loop.
Please use the Async API instead.
Traceback (most recent call last):

> File "C:\Users\90505\OneDrive\Desktop\halilo\whatsapp_form_filler\main.py", line 112, in <module>
    asyncio.run(main())
    â”‚       â”‚   â”” <function main at 0x0000026FB70BB2E0>
    â”‚       â”” <function run at 0x0000026FB46EC360>
    â”” <module 'asyncio' from 'C:\\Users\\90505\\AppData\\Local\\Programs\\Python\\Python313\\Lib\\asyncio\\__init__.py'>

  File "C:\Users\90505\AppData\Local\Programs\Python\Python313\Lib\asyncio\runners.py", line 195, in run
    return runner.run(main)
           â”‚      â”‚   â”” <coroutine object main at 0x0000026FB7013340>
           â”‚      â”” <function Runner.run at 0x0000026FB65DB060>
           â”” <asyncio.runners.Runner object at 0x0000026FB7036270>
  File "C:\Users\90505\AppData\Local\Programs\Python\Python313\Lib\asyncio\runners.py", line 118, in run
    return self._loop.run_until_complete(task)
           â”‚    â”‚                        â”” <Task finished name='Task-1' coro=<main() done, defined at C:\Users\90505\OneDrive\Desktop\halilo\whatsapp_form_filler\main.p...
           â”‚    â”” None
           â”” <asyncio.runners.Runner object at 0x0000026FB7036270>
  File "C:\Users\90505\AppData\Local\Programs\Python\Python313\Lib\asyncio\base_events.py", line 719, in run_until_complete
    return future.result()
           â”‚      â”” <method 'result' of '_asyncio.Task' objects>
           â”” <Task finished name='Task-1' coro=<main() done, defined at C:\Users\90505\OneDrive\Desktop\halilo\whatsapp_form_filler\main.p...

  File "C:\Users\90505\OneDrive\Desktop\halilo\whatsapp_form_filler\main.py", line 61, in main
    with FormFillingOrchestrator() as orchestrator:
         â”” <class 'orchestrator.FormFillingOrchestrator'>

  File "C:\Users\90505\OneDrive\Desktop\halilo\whatsapp_form_filler\orchestrator.py", line 237, in __enter__
    self.start()
    â”‚    â”” <function FormFillingOrchestrator.start at 0x0000026FB7ED93A0>
    â”” <orchestrator.FormFillingOrchestrator object at 0x0000026FB6BD01A0>

  File "C:\Users\90505\OneDrive\Desktop\halilo\whatsapp_form_filler\orchestrator.py", line 224, in start
    self.browser_agent.start()
    â”‚    â”‚             â”” <function BrowserAutomationAgent.start at 0x0000026FB7B8A840>
    â”‚    â”” <agents.browser_automation.BrowserAutomationAgent object at 0x0000026FB6ACFE00>
    â”” <orchestrator.FormFillingOrchestrator object at 0x0000026FB6BD01A0>

  File "C:\Users\90505\OneDrive\Desktop\halilo\whatsapp_form_filler\agents\browser_automation.py", line 38, in start
    self.playwright = sync_playwright().start()
    â”‚    â”‚            â”” <function sync_playwright at 0x0000026FB710A480>
    â”‚    â”” None
    â”” <agents.browser_automation.BrowserAutomationAgent object at 0x0000026FB6ACFE00>

  File "C:\Users\90505\OneDrive\Desktop\halilo\whatsapp_form_filler\venv\Lib\site-packages\playwright\sync_api\_context_manager.py", line 84, in start
    return self.__enter__()
           â”‚    â”” <function PlaywrightContextManager.__enter__ at 0x0000026FB7B8AD40>
           â”” <playwright.sync_api._context_manager.PlaywrightContextManager object at 0x0000026FB7DEF620>
  File "C:\Users\90505\OneDrive\Desktop\halilo\whatsapp_form_filler\venv\Lib\site-packages\playwright\sync_api\_context_manager.py", line 47, in __enter__
    raise Error(
          â”” <class 'playwright._impl._errors.Error'>

playwright._impl._errors.Error: It looks like you are using Playwright Sync API inside the asyncio loop.
Please use the Async API instead.
2026-01-26 20:26:03 | INFO     | Logging configured
2026-01-26 20:26:03 | INFO     | ======================================================================
2026-01-26 20:26:03 | INFO     | ğŸ¤– WhatsApp Form Auto-Fill System - MVP Phase 1
2026-01-26 20:26:03 | INFO     | ======================================================================
2026-01-26 20:26:03 | INFO     | ğŸ‘¤ Student: Halil Eren KepiÃ§
2026-01-26 20:26:03 | INFO     | ğŸ†” ID: 2306002093
2026-01-26 20:26:03 | INFO     | ğŸ“ Database: C:\Users\90505\OneDrive\Desktop\halilo\whatsapp_form_filler\data\whatsapp_form_filler.db
2026-01-26 20:26:03 | INFO     | ğŸ“‚ Logs: C:\Users\90505\OneDrive\Desktop\halilo\whatsapp_form_filler\logs
2026-01-26 20:26:03 | INFO     | ======================================================================
2026-01-26 20:26:03 | WARNING  | âš ï¸  OpenAI API key not configured - AI fallback disabled
2026-01-26 20:26:03 | INFO     | ğŸ­ Initializing Form Filling Orchestrator...
2026-01-26 20:26:03 | INFO     | ğŸ§  Form Intelligence Agent initialized with 3 plugins
2026-01-26 20:26:03 | INFO     | ğŸ“ Verification & Logging Agent initialized
2026-01-26 20:26:03 | SUCCESS  | âœ… Orchestrator initialized
2026-01-26 20:26:03 | INFO     | ğŸš€ Starting orchestrator...
2026-01-26 20:26:03 | INFO     | ğŸš€ Starting browser automation agent...
2026-01-26 20:26:04 | SUCCESS  | âœ… Browser started successfully
2026-01-26 20:26:04 | INFO     | 
======================================================================
2026-01-26 20:26:04 | INFO     | ğŸ§ª TEST MODE
2026-01-26 20:26:04 | INFO     | ======================================================================
2026-01-26 20:26:04 | INFO     | 
Paste a Microsoft Forms URL to test (or 'quit' to exit):

2026-01-26 20:44:50 | INFO     | Logging configured
2026-01-26 20:44:50 | INFO     | ======================================================================
2026-01-26 20:44:50 | INFO     | ğŸ¤– WhatsApp Form Auto-Fill System - MVP Phase 1
2026-01-26 20:44:50 | INFO     | ======================================================================
2026-01-26 20:44:50 | INFO     | ğŸ‘¤ Student: Halil Eren KepiÃ§
2026-01-26 20:44:50 | INFO     | ğŸ†” ID: 2306002093
2026-01-26 20:44:50 | INFO     | ğŸ“ Database: C:\Users\90505\OneDrive\Desktop\halilo\whatsapp_form_filler\data\whatsapp_form_filler.db
2026-01-26 20:44:50 | INFO     | ğŸ“‚ Logs: C:\Users\90505\OneDrive\Desktop\halilo\whatsapp_form_filler\logs
2026-01-26 20:44:50 | INFO     | ======================================================================
2026-01-26 20:44:50 | WARNING  | âš ï¸  OpenAI API key not configured - AI fallback disabled
2026-01-26 20:44:50 | INFO     | ğŸ­ Initializing Form Filling Orchestrator...
2026-01-26 20:44:50 | INFO     | ğŸ§  Form Intelligence Agent initialized with 3 plugins
2026-01-26 20:44:50 | INFO     | ğŸ“ Verification & Logging Agent initialized
2026-01-26 20:44:50 | SUCCESS  | âœ… Orchestrator initialized
2026-01-26 20:44:50 | INFO     | ğŸš€ Starting orchestrator...
2026-01-26 20:44:50 | INFO     | ğŸš€ Starting browser automation agent...
2026-01-26 20:44:52 | SUCCESS  | âœ… Browser started successfully
2026-01-26 20:44:52 | INFO     | 
======================================================================
2026-01-26 20:44:52 | INFO     | ğŸ§ª TEST MODE
2026-01-26 20:44:52 | INFO     | ======================================================================
2026-01-26 20:44:52 | INFO     | 
Paste a Microsoft Forms URL to test (or 'quit' to exit):

2026-01-26 20:48:29 | INFO     | Logging configured
2026-01-26 20:48:29 | INFO     | ======================================================================
2026-01-26 20:48:29 | INFO     | ğŸ¤– WhatsApp Form Auto-Fill System - MVP Phase 1
2026-01-26 20:48:29 | INFO     | ======================================================================
2026-01-26 20:48:29 | INFO     | ğŸ‘¤ Student: Halil Eren KepiÃ§
2026-01-26 20:48:29 | INFO     | ğŸ†” ID: 2306002093
2026-01-26 20:48:29 | INFO     | ğŸ“ Database: C:\Users\90505\OneDrive\Desktop\halilo\whatsapp_form_filler\data\whatsapp_form_filler.db
2026-01-26 20:48:29 | INFO     | ğŸ“‚ Logs: C:\Users\90505\OneDrive\Desktop\halilo\whatsapp_form_filler\logs
2026-01-26 20:48:29 | INFO     | ======================================================================
2026-01-26 20:48:29 | WARNING  | âš ï¸  OpenAI API key not configured - AI fallback disabled
2026-01-26 20:48:29 | INFO     | ğŸ­ Initializing Form Filling Orchestrator...
2026-01-26 20:48:29 | INFO     | ğŸ§  Form Intelligence Agent initialized with 3 plugins
2026-01-26 20:48:29 | INFO     | ğŸ“ Verification & Logging Agent initialized
2026-01-26 20:48:29 | SUCCESS  | âœ… Orchestrator initialized
2026-01-26 20:48:29 | INFO     | ğŸš€ Starting orchestrator...
2026-01-26 20:48:29 | INFO     | ğŸš€ Starting browser automation agent...
2026-01-26 20:48:31 | SUCCESS  | âœ… Browser started successfully
2026-01-26 20:48:31 | INFO     | 
======================================================================
2026-01-26 20:48:31 | INFO     | ğŸ§ª TEST MODE
2026-01-26 20:48:31 | INFO     | ======================================================================
2026-01-26 20:48:31 | INFO     | 
Paste a Microsoft Forms URL to test (or 'quit' to exit):

2026-01-26 20:48:47 | INFO     | 
============================================================
2026-01-26 20:48:47 | INFO     | ğŸ¯ Processing form: https://forms.office.com/Pages/ResponsePage.aspx?id=gCO8a9-CREaDOE-no4zyBZ_AEcdYFppHgDZ0tyK76ldUNzUwUjdPR0YxWEhFQ1IyMlBFRDdGN0w5Ry4u
2026-01-26 20:48:47 | INFO     | ============================================================

2026-01-26 20:48:47 | INFO     | â³ Checking rate limits...
2026-01-26 20:48:47 | INFO     | Step 1/6: Opening form...
2026-01-26 20:48:47 | INFO     | ğŸŒ Navigating to: https://forms.office.com/Pages/ResponsePage.aspx?id=gCO8a9-CREaDOE-no4zyBZ_AEcdYFppHgDZ0tyK76ldUNzUwUjdPR0YxWEhFQ1IyMlBFRDdGN0w5Ry4u
2026-01-26 20:48:48 | SUCCESS  | âœ… Navigation complete
2026-01-26 20:48:49 | INFO     | Step 2/6: Analyzing form structure...
2026-01-26 20:48:49 | INFO     | ğŸ” Starting form analysis...
2026-01-26 20:48:49 | INFO     | âœ… Provider identified: microsoft_forms
2026-01-26 20:48:49 | INFO     | ğŸ” Analyzing Microsoft Forms structure...
2026-01-26 20:48:59 | ERROR    | Form did not load properly: Page.wait_for_selector: Timeout 10000ms exceeded.
Call log:
  - waiting for locator("[data-automation-id=\"questionItem\"]") to be visible

2026-01-26 20:48:59 | ERROR    | âŒ Form analysis failed
2026-01-26 20:48:59 | ERROR    | 
âŒ FAILED: Form analysis failed

2026-01-26 20:48:59 | INFO     | ğŸ” Verifying submission...
2026-01-26 20:48:59 | ERROR    | âŒ Submission failed
2026-01-26 20:48:59 | ERROR    | Unexpected error: 'str' object has no attribute 'value'
Traceback (most recent call last):

  File "C:\Users\90505\OneDrive\Desktop\halilo\whatsapp_form_filler\orchestrator.py", line 107, in process_form
    raise Exception("Form analysis failed")

Exception: Form analysis failed


During handling of the above exception, another exception occurred:


Traceback (most recent call last):

  File "C:\Users\90505\OneDrive\Desktop\halilo\whatsapp_form_filler\main.py", line 111, in <module>
    main()
    â”” <function main at 0x0000024AC133F2E0>

> File "C:\Users\90505\OneDrive\Desktop\halilo\whatsapp_form_filler\main.py", line 83, in main
    success = orchestrator.process_form(form_url)
              â”‚            â”‚            â”” 'https://forms.office.com/Pages/ResponsePage.aspx?id=gCO8a9-CREaDOE-no4zyBZ_AEcdYFppHgDZ0tyK76ldUNzUwUjdPR0YxWEhFQ1IyMlBFRDdG...
              â”‚            â”” <function FormFillingOrchestrator.process_form at 0x0000024AC1389800>
              â”” <orchestrator.FormFillingOrchestrator object at 0x0000024AC06801A0>

  File "C:\Users\90505\OneDrive\Desktop\halilo\whatsapp_form_filler\orchestrator.py", line 193, in process_form
    self.verification_agent.verify_and_log(
    â”‚    â”‚                  â”” <function VerificationLoggerAgent.verify_and_log at 0x0000024AC195A0C0>
    â”‚    â”” <agents.verification_logger.VerificationLoggerAgent object at 0x0000024AC0AB6270>
    â”” <orchestrator.FormFillingOrchestrator object at 0x0000024AC06801A0>

  File "C:\Users\90505\OneDrive\Desktop\halilo\whatsapp_form_filler\agents\verification_logger.py", line 150, in verify_and_log
    submission_id = self._save_to_database(submission)
                    â”‚    â”‚                 â”” FormSubmission(id=None, timestamp=datetime.datetime(2026, 1, 26, 20, 48, 59, 542668), form_url='https://forms.office.com/Page...
                    â”‚    â”” <function VerificationLoggerAgent._save_to_database at 0x0000024AC195A160>
                    â”” <agents.verification_logger.VerificationLoggerAgent object at 0x0000024AC0AB6270>

  File "C:\Users\90505\OneDrive\Desktop\halilo\whatsapp_form_filler\agents\verification_logger.py", line 194, in _save_to_database
    submission.form_provider.value,
    â”‚          â”” 'microsoft_forms'
    â”” FormSubmission(id=None, timestamp=datetime.datetime(2026, 1, 26, 20, 48, 59, 542668), form_url='https://forms.office.com/Page...

AttributeError: 'str' object has no attribute 'value'
2026-01-26 20:52:09 | INFO     | 

ğŸ‘‹ Interrupted by user, exiting...
2026-01-26 20:52:09 | INFO     | ğŸ›‘ Stopping orchestrator...
2026-01-26 20:52:09 | INFO     | ğŸ›‘ Closing browser...
2026-01-26 20:52:09 | WARNING  | Could not save session: BrowserContext.storage_state: Target page, context or browser has been closed
2026-01-26 20:52:09 | SUCCESS  | âœ… Browser closed
2026-01-26 20:52:09 | INFO     | 
ğŸ“Š Daily Stats: {'total': 0, 'successful': 0, 'failed': 0, 'captcha': 0, 'avg_processing_time': 0.0}

2026-01-26 20:52:09 | INFO     | 
======================================================================
2026-01-26 20:52:09 | INFO     | ğŸ›‘ System shutdown complete
2026-01-26 20:52:09 | INFO     | ======================================================================
2026-01-26 20:55:18 | INFO     | Logging configured
2026-01-26 20:55:18 | INFO     | ======================================================================
2026-01-26 20:55:18 | INFO     | ğŸ¤– WhatsApp Form Auto-Fill System - MVP Phase 1
2026-01-26 20:55:18 | INFO     | ======================================================================
2026-01-26 20:55:18 | INFO     | ğŸ‘¤ Student: Halil Eren KepiÃ§
2026-01-26 20:55:18 | INFO     | ğŸ†” ID: 2306002093
2026-01-26 20:55:18 | INFO     | ğŸ“ Database: C:\Users\90505\OneDrive\Desktop\halilo\whatsapp_form_filler\data\whatsapp_form_filler.db
2026-01-26 20:55:18 | INFO     | ğŸ“‚ Logs: C:\Users\90505\OneDrive\Desktop\halilo\whatsapp_form_filler\logs
2026-01-26 20:55:18 | INFO     | ======================================================================
2026-01-26 20:55:18 | WARNING  | âš ï¸  OpenAI API key not configured - AI fallback disabled
2026-01-26 20:55:18 | INFO     | ğŸ­ Initializing Form Filling Orchestrator...
2026-01-26 20:55:18 | INFO     | ğŸ§  Form Intelligence Agent initialized with 3 plugins
2026-01-26 20:55:18 | INFO     | ğŸ“ Verification & Logging Agent initialized
2026-01-26 20:55:18 | SUCCESS  | âœ… Orchestrator initialized
2026-01-26 20:55:18 | INFO     | ğŸš€ Starting orchestrator...
2026-01-26 20:55:18 | INFO     | ğŸš€ Starting browser automation agent...
2026-01-26 20:55:19 | SUCCESS  | âœ… Browser started successfully
2026-01-26 20:55:19 | INFO     | 
======================================================================
2026-01-26 20:55:19 | INFO     | ğŸ§ª TEST MODE
2026-01-26 20:55:19 | INFO     | ======================================================================
2026-01-26 20:55:19 | INFO     | 
Paste a Microsoft Forms URL to test (or 'quit' to exit):

2026-01-26 20:56:49 | INFO     | 

ğŸ‘‹ Interrupted by user, exiting...
2026-01-26 20:56:49 | INFO     | ğŸ›‘ Stopping orchestrator...
2026-01-26 20:56:49 | INFO     | ğŸ›‘ Closing browser...
2026-01-26 20:56:49 | WARNING  | Could not save session: BrowserContext.storage_state: Target page, context or browser has been closed
2026-01-26 20:56:49 | SUCCESS  | âœ… Browser closed
2026-01-26 20:56:49 | INFO     | 
ğŸ“Š Daily Stats: {'total': 0, 'successful': 0, 'failed': 0, 'captcha': 0, 'avg_processing_time': 0.0}

2026-01-26 20:56:49 | INFO     | 
======================================================================
2026-01-26 20:56:49 | INFO     | ğŸ›‘ System shutdown complete
2026-01-26 20:56:49 | INFO     | ======================================================================
2026-01-26 20:57:16 | INFO     | Logging configured
2026-01-26 20:57:16 | INFO     | ======================================================================
2026-01-26 20:57:16 | INFO     | ğŸ¤– WhatsApp Form Auto-Fill System - MVP Phase 1
2026-01-26 20:57:16 | INFO     | ======================================================================
2026-01-26 20:57:16 | INFO     | ğŸ‘¤ Student: Halil Eren KepiÃ§
2026-01-26 20:57:16 | INFO     | ğŸ†” ID: 2306002093
2026-01-26 20:57:16 | INFO     | ğŸ“ Database: C:\Users\90505\OneDrive\Desktop\halilo\whatsapp_form_filler\data\whatsapp_form_filler.db
2026-01-26 20:57:16 | INFO     | ğŸ“‚ Logs: C:\Users\90505\OneDrive\Desktop\halilo\whatsapp_form_filler\logs
2026-01-26 20:57:16 | INFO     | ======================================================================
2026-01-26 20:57:16 | WARNING  | âš ï¸  OpenAI API key not configured - AI fallback disabled
2026-01-26 20:57:16 | INFO     | ğŸ­ Initializing Form Filling Orchestrator...
2026-01-26 20:57:16 | INFO     | ğŸ§  Form Intelligence Agent initialized with 3 plugins
2026-01-26 20:57:16 | INFO     | ğŸ“ Verification & Logging Agent initialized
2026-01-26 20:57:16 | SUCCESS  | âœ… Orchestrator initialized
2026-01-26 20:57:16 | INFO     | ğŸš€ Starting orchestrator...
2026-01-26 20:57:16 | INFO     | ğŸš€ Starting browser automation agent...
2026-01-26 20:57:17 | SUCCESS  | âœ… Browser started successfully
2026-01-26 20:57:17 | INFO     | 
======================================================================
2026-01-26 20:57:17 | INFO     | ğŸ§ª TEST MODE
2026-01-26 20:57:17 | INFO     | ======================================================================
2026-01-26 20:57:17 | INFO     | 
Paste a Microsoft Forms URL to test (or 'quit' to exit):

2026-01-26 20:57:31 | INFO     | 
============================================================
2026-01-26 20:57:31 | INFO     | ğŸ¯ Processing form: https://forms.office.com/Pages/ResponsePage.aspx?id=gCO8a9-CREaDOE-no4zyBZ_AEcdYFppHgDZ0tyK76ldUNzUwUjdPR0YxWEhFQ1IyMlBFRDdGN0w5Ry4u
2026-01-26 20:57:31 | INFO     | ============================================================

2026-01-26 20:57:31 | INFO     | â³ Checking rate limits...
2026-01-26 20:57:31 | INFO     | Step 1/6: Opening form...
2026-01-26 20:57:31 | INFO     | ğŸŒ Navigating to: https://forms.office.com/Pages/ResponsePage.aspx?id=gCO8a9-CREaDOE-no4zyBZ_AEcdYFppHgDZ0tyK76ldUNzUwUjdPR0YxWEhFQ1IyMlBFRDdGN0w5Ry4u
2026-01-26 20:57:33 | SUCCESS  | âœ… Navigation complete
2026-01-26 20:57:33 | INFO     | Step 2/6: Analyzing form structure...
2026-01-26 20:57:33 | INFO     | ğŸ” Starting form analysis...
2026-01-26 20:57:33 | INFO     | âœ… Provider identified: microsoft_forms
2026-01-26 20:57:33 | INFO     | ğŸ” Analyzing Microsoft Forms structure...
2026-01-26 20:57:43 | ERROR    | Form did not load properly: Page.wait_for_selector: Timeout 10000ms exceeded.
Call log:
  - waiting for locator("[data-automation-id=\"questionItem\"]") to be visible

2026-01-26 20:57:43 | ERROR    | âŒ Form analysis failed
2026-01-26 20:57:43 | ERROR    | 
âŒ FAILED: Form analysis failed

2026-01-26 20:57:43 | INFO     | ğŸ” Verifying submission...
2026-01-26 20:57:43 | ERROR    | âŒ Submission failed
2026-01-26 20:57:43 | ERROR    | Unexpected error: 'str' object has no attribute 'value'
Traceback (most recent call last):

  File "C:\Users\90505\OneDrive\Desktop\halilo\whatsapp_form_filler\orchestrator.py", line 107, in process_form
    raise Exception("Form analysis failed")

Exception: Form analysis failed


During handling of the above exception, another exception occurred:


Traceback (most recent call last):

  File "C:\Users\90505\OneDrive\Desktop\halilo\whatsapp_form_filler\main.py", line 111, in <module>
    main()
    â”” <function main at 0x000001F96813F2E0>

> File "C:\Users\90505\OneDrive\Desktop\halilo\whatsapp_form_filler\main.py", line 83, in main
    success = orchestrator.process_form(form_url)
              â”‚            â”‚            â”” 'https://forms.office.com/Pages/ResponsePage.aspx?id=gCO8a9-CREaDOE-no4zyBZ_AEcdYFppHgDZ0tyK76ldUNzUwUjdPR0YxWEhFQ1IyMlBFRDdG...
              â”‚            â”” <function FormFillingOrchestrator.process_form at 0x000001F968189800>
              â”” <orchestrator.FormFillingOrchestrator object at 0x000001F967C901A0>

  File "C:\Users\90505\OneDrive\Desktop\halilo\whatsapp_form_filler\orchestrator.py", line 193, in process_form
    self.verification_agent.verify_and_log(
    â”‚    â”‚                  â”” <function VerificationLoggerAgent.verify_and_log at 0x000001F968F0A0C0>
    â”‚    â”” <agents.verification_logger.VerificationLoggerAgent object at 0x000001F9680B6270>
    â”” <orchestrator.FormFillingOrchestrator object at 0x000001F967C901A0>

  File "C:\Users\90505\OneDrive\Desktop\halilo\whatsapp_form_filler\agents\verification_logger.py", line 150, in verify_and_log
    submission_id = self._save_to_database(submission)
                    â”‚    â”‚                 â”” FormSubmission(id=None, timestamp=datetime.datetime(2026, 1, 26, 20, 57, 43, 783770), form_url='https://forms.office.com/Page...
                    â”‚    â”” <function VerificationLoggerAgent._save_to_database at 0x000001F968F0A160>
                    â”” <agents.verification_logger.VerificationLoggerAgent object at 0x000001F9680B6270>

  File "C:\Users\90505\OneDrive\Desktop\halilo\whatsapp_form_filler\agents\verification_logger.py", line 194, in _save_to_database
    submission.form_provider.value,
    â”‚          â”” 'microsoft_forms'
    â”” FormSubmission(id=None, timestamp=datetime.datetime(2026, 1, 26, 20, 57, 43, 783770), form_url='https://forms.office.com/Page...

AttributeError: 'str' object has no attribute 'value'
2026-01-26 21:09:58 | INFO     | 
============================================================
2026-01-26 21:09:58 | INFO     | ğŸ¯ Processing form: https://forms.office.com/Pages/ResponsePage.aspx?id=gCO8a9-CREaDOE-no4zyBZ_AEcdYFppHgDZ0tyK76ldUNzUwUjdPR0YxWEhFQ1IyMlBFRDdGN0w5Ry4u
2026-01-26 21:09:58 | INFO     | ============================================================

2026-01-26 21:09:58 | INFO     | â³ Checking rate limits...
2026-01-26 21:09:58 | INFO     | Step 1/6: Opening form...
2026-01-26 21:09:58 | INFO     | ğŸŒ Navigating to: https://forms.office.com/Pages/ResponsePage.aspx?id=gCO8a9-CREaDOE-no4zyBZ_AEcdYFppHgDZ0tyK76ldUNzUwUjdPR0YxWEhFQ1IyMlBFRDdGN0w5Ry4u
2026-01-26 21:10:00 | SUCCESS  | âœ… Navigation complete
2026-01-26 21:10:01 | INFO     | Step 2/6: Analyzing form structure...
2026-01-26 21:10:01 | INFO     | ğŸ” Starting form analysis...
2026-01-26 21:10:01 | INFO     | âœ… Provider identified: microsoft_forms
2026-01-26 21:10:01 | INFO     | ğŸ” Analyzing Microsoft Forms structure...
2026-01-26 21:10:11 | ERROR    | Form did not load properly: Page.wait_for_selector: Timeout 10000ms exceeded.
Call log:
  - waiting for locator("[data-automation-id=\"questionItem\"]") to be visible

2026-01-26 21:10:11 | ERROR    | âŒ Form analysis failed
2026-01-26 21:10:11 | ERROR    | 
âŒ FAILED: Form analysis failed

2026-01-26 21:10:11 | INFO     | ğŸ” Verifying submission...
2026-01-26 21:10:11 | ERROR    | âŒ Submission failed
2026-01-26 21:10:11 | ERROR    | Unexpected error: 'str' object has no attribute 'value'
Traceback (most recent call last):

  File "C:\Users\90505\OneDrive\Desktop\halilo\whatsapp_form_filler\orchestrator.py", line 107, in process_form
    raise Exception("Form analysis failed")

Exception: Form analysis failed


During handling of the above exception, another exception occurred:


Traceback (most recent call last):

  File "C:\Users\90505\OneDrive\Desktop\halilo\whatsapp_form_filler\main.py", line 111, in <module>
    main()
    â”” <function main at 0x000001F96813F2E0>

> File "C:\Users\90505\OneDrive\Desktop\halilo\whatsapp_form_filler\main.py", line 83, in main
    success = orchestrator.process_form(form_url)
              â”‚            â”‚            â”” 'https://forms.office.com/Pages/ResponsePage.aspx?id=gCO8a9-CREaDOE-no4zyBZ_AEcdYFppHgDZ0tyK76ldUNzUwUjdPR0YxWEhFQ1IyMlBFRDdG...
              â”‚            â”” <function FormFillingOrchestrator.process_form at 0x000001F968189800>
              â”” <orchestrator.FormFillingOrchestrator object at 0x000001F967C901A0>

  File "C:\Users\90505\OneDrive\Desktop\halilo\whatsapp_form_filler\orchestrator.py", line 193, in process_form
    self.verification_agent.verify_and_log(
    â”‚    â”‚                  â”” <function VerificationLoggerAgent.verify_and_log at 0x000001F968F0A0C0>
    â”‚    â”” <agents.verification_logger.VerificationLoggerAgent object at 0x000001F9680B6270>
    â”” <orchestrator.FormFillingOrchestrator object at 0x000001F967C901A0>

  File "C:\Users\90505\OneDrive\Desktop\halilo\whatsapp_form_filler\agents\verification_logger.py", line 150, in verify_and_log
    submission_id = self._save_to_database(submission)
                    â”‚    â”‚                 â”” FormSubmission(id=None, timestamp=datetime.datetime(2026, 1, 26, 21, 10, 11, 264828), form_url='https://forms.office.com/Page...
                    â”‚    â”” <function VerificationLoggerAgent._save_to_database at 0x000001F968F0A160>
                    â”” <agents.verification_logger.VerificationLoggerAgent object at 0x000001F9680B6270>

  File "C:\Users\90505\OneDrive\Desktop\halilo\whatsapp_form_filler\agents\verification_logger.py", line 194, in _save_to_database
    submission.form_provider.value,
    â”‚          â”” 'microsoft_forms'
    â”” FormSubmission(id=None, timestamp=datetime.datetime(2026, 1, 26, 21, 10, 11, 264828), form_url='https://forms.office.com/Page...

AttributeError: 'str' object has no attribute 'value'
2026-01-26 21:15:30 | INFO     | Logging configured
2026-01-26 21:15:30 | INFO     | ======================================================================
2026-01-26 21:15:30 | INFO     | ğŸ¤– WhatsApp Form Auto-Fill System - MVP Phase 1
2026-01-26 21:15:30 | INFO     | ======================================================================
2026-01-26 21:15:30 | INFO     | ğŸ‘¤ Student: Halil Eren KepiÃ§
2026-01-26 21:15:30 | INFO     | ğŸ†” ID: 2306002093
2026-01-26 21:15:30 | INFO     | ğŸ“ Database: C:\Users\90505\OneDrive\Desktop\halilo\whatsapp_form_filler\data\whatsapp_form_filler.db
2026-01-26 21:15:30 | INFO     | ğŸ“‚ Logs: C:\Users\90505\OneDrive\Desktop\halilo\whatsapp_form_filler\logs
2026-01-26 21:15:30 | INFO     | ======================================================================
2026-01-26 21:15:30 | WARNING  | âš ï¸  OpenAI API key not configured - AI fallback disabled
2026-01-26 21:15:30 | INFO     | ğŸ­ Initializing Form Filling Orchestrator...
2026-01-26 21:15:30 | INFO     | ğŸ§  Form Intelligence Agent initialized with 3 plugins
2026-01-26 21:15:30 | INFO     | ğŸ“ Verification & Logging Agent initialized
2026-01-26 21:15:30 | SUCCESS  | âœ… Orchestrator initialized
2026-01-26 21:15:30 | INFO     | ğŸš€ Starting orchestrator...
2026-01-26 21:15:30 | INFO     | ğŸš€ Starting browser automation agent...
2026-01-26 21:15:30 | INFO     | ğŸ” Using Chrome profile for authentication...
2026-01-26 21:15:31 | WARNING  | Could not use Chrome profile: BrowserType.launch_persistent_context: Target page, context or browser has been closed
Browser logs:

<launching> C:\Program Files\Google\Chrome\Application\chrome.exe --disable-field-trial-config --disable-background-networking --disable-background-timer-throttling --disable-backgrounding-occluded-windows --disable-back-forward-cache --disable-breakpad --disable-client-side-phishing-detection --disable-component-extensions-with-background-pages --disable-component-update --no-default-browser-check --disable-default-apps --disable-dev-shm-usage --disable-extensions --disable-features=AcceptCHFrame,AvoidUnnecessaryBeforeUnloadCheckSync,DestroyProfileOnBrowserClose,DialMediaRouteProvider,GlobalMediaControls,HttpsUpgrades,LensOverlay,MediaRouter,PaintHolding,ThirdPartyStoragePartitioning,Translate,AutoDeElevate,RenderDocument,OptimizationHints --enable-features=CDPScreenshotNewSurface --allow-pre-commit-input --disable-hang-monitor --disable-ipc-flooding-protection --disable-popup-blocking --disable-prompt-on-repost --disable-renderer-backgrounding --force-color-profile=srgb --metrics-recording-only --no-first-run --password-store=basic --use-mock-keychain --no-service-autorun --export-tagged-pdf --disable-search-engine-choice-screen --unsafely-disable-devtools-self-xss-warnings --edge-skip-compat-layer-relaunch --enable-automation --disable-infobars --disable-search-engine-choice-screen --disable-sync --no-sandbox --disable-blink-features=AutomationControlled --disable-dev-shm-usage --no-sandbox --disable-setuid-sandbox --disable-infobars --window-position=0,0 --ignore-certificate-errors --ignore-certificate-errors-spki-list --disable-blink-features --disable-features=IsolateOrigins,site-per-process --user-data-dir=C:\Users\90505\AppData\Local\Google\Chrome\User Data --remote-debugging-pipe about:blank
<launched> pid=17080
Call log:
  - <launching> C:\Program Files\Google\Chrome\Application\chrome.exe --disable-field-trial-config --disable-background-networking --disable-background-timer-throttling --disable-backgrounding-occluded-windows --disable-back-forward-cache --disable-breakpad --disable-client-side-phishing-detection --disable-component-extensions-with-background-pages --disable-component-update --no-default-browser-check --disable-default-apps --disable-dev-shm-usage --disable-extensions --disable-features=AcceptCHFrame,AvoidUnnecessaryBeforeUnloadCheckSync,DestroyProfileOnBrowserClose,DialMediaRouteProvider,GlobalMediaControls,HttpsUpgrades,LensOverlay,MediaRouter,PaintHolding,ThirdPartyStoragePartitioning,Translate,AutoDeElevate,RenderDocument,OptimizationHints --enable-features=CDPScreenshotNewSurface --allow-pre-commit-input --disable-hang-monitor --disable-ipc-flooding-protection --disable-popup-blocking --disable-prompt-on-repost --disable-renderer-backgrounding --force-color-profile=srgb --metrics-recording-only --no-first-run --password-store=basic --use-mock-keychain --no-service-autorun --export-tagged-pdf --disable-search-engine-choice-screen --unsafely-disable-devtools-self-xss-warnings --edge-skip-compat-layer-relaunch --enable-automation --disable-infobars --disable-search-engine-choice-screen --disable-sync --no-sandbox --disable-blink-features=AutomationControlled --disable-dev-shm-usage --no-sandbox --disable-setuid-sandbox --disable-infobars --window-position=0,0 --ignore-certificate-errors --ignore-certificate-errors-spki-list --disable-blink-features --disable-features=IsolateOrigins,site-per-process --user-data-dir=C:\Users\90505\AppData\Local\Google\Chrome\User Data --remote-debugging-pipe about:blank
  - <launched> pid=17080
  - [pid=17080] <gracefully close start>
  - [pid=17080] <kill>
  - [pid=17080] <will force kill>
  - [pid=17080] taskkill stderr: ERROR: The process "17080" not found.
  - [pid=17080] <process did exit: exitCode=21, signal=null>
  - [pid=17080] starting temporary directories cleanup
  - [pid=17080] finished temporary directories cleanup
  - [pid=17080] <gracefully close end>

2026-01-26 21:15:31 | INFO     | Falling back to Chromium...
2026-01-26 21:15:31 | INFO     | Using Chromium with session file...
2026-01-26 21:15:31 | SUCCESS  | âœ… Browser started successfully
2026-01-26 21:15:31 | INFO     | 
======================================================================
2026-01-26 21:15:31 | INFO     | ğŸ§ª TEST MODE
2026-01-26 21:15:31 | INFO     | ======================================================================
2026-01-26 21:15:31 | INFO     | 
Paste a Microsoft Forms URL to test (or 'quit' to exit):

2026-01-26 21:16:04 | INFO     | 
============================================================
2026-01-26 21:16:04 | INFO     | ğŸ¯ Processing form: https://forms.office.com/Pages/ResponsePage.aspx?id=gCO8a9-CREaDOE-no4zyBZ_AEcdYFppHgDZ0tyK76ldUNzUwUjdPR0YxWEhFQ1IyMlBFRDdGN0w5Ry4u
2026-01-26 21:16:04 | INFO     | ============================================================

2026-01-26 21:16:04 | INFO     | â³ Checking rate limits...
2026-01-26 21:16:04 | INFO     | Step 1/6: Opening form...
2026-01-26 21:16:04 | INFO     | ğŸŒ Navigating to: https://forms.office.com/Pages/ResponsePage.aspx?id=gCO8a9-CREaDOE-no4zyBZ_AEcdYFppHgDZ0tyK76ldUNzUwUjdPR0YxWEhFQ1IyMlBFRDdGN0w5Ry4u
2026-01-26 21:16:04 | ERROR    | Navigation failed: Page.goto: Target page, context or browser has been closed
2026-01-26 21:16:04 | ERROR    | 
âŒ FAILED: Failed to navigate to form

2026-01-26 21:16:04 | ERROR    | Screenshot failed: Page.screenshot: Target page, context or browser has been closed
2026-01-26 21:16:04 | INFO     | âœ… Provider identified: microsoft_forms
2026-01-26 21:16:04 | INFO     | ğŸ” Verifying submission...
2026-01-26 21:16:04 | ERROR    | Unexpected error: Page.inner_text: Target page, context or browser has been closed
Traceback (most recent call last):

  File "C:\Users\90505\OneDrive\Desktop\halilo\whatsapp_form_filler\main.py", line 111, in <module>
    main()
    â”” <function main at 0x000001F96813F2E0>

> File "C:\Users\90505\OneDrive\Desktop\halilo\whatsapp_form_filler\main.py", line 83, in main
    success = orchestrator.process_form(form_url)
              â”‚            â”‚            â”” 'https://forms.office.com/Pages/ResponsePage.aspx?id=gCO8a9-CREaDOE-no4zyBZ_AEcdYFppHgDZ0tyK76ldUNzUwUjdPR0YxWEhFQ1IyMlBFRDdG...
              â”‚            â”” <function FormFillingOrchestrator.process_form at 0x000001F968189800>
              â”” <orchestrator.FormFillingOrchestrator object at 0x000001F967C901A0>

  File "C:\Users\90505\OneDrive\Desktop\halilo\whatsapp_form_filler\orchestrator.py", line 193, in process_form
    self.verification_agent.verify_and_log(
    â”‚    â”‚                  â”” <function VerificationLoggerAgent.verify_and_log at 0x000001F968F0A0C0>
    â”‚    â”” <agents.verification_logger.VerificationLoggerAgent object at 0x000001F9680B6270>
    â”” <orchestrator.FormFillingOrchestrator object at 0x000001F967C901A0>

  File "C:\Users\90505\OneDrive\Desktop\halilo\whatsapp_form_filler\agents\verification_logger.py", line 115, in verify_and_log
    page_text = page.inner_text('body')
                â”‚    â”” <function Page.inner_text at 0x000001F968BCFBA0>
                â”” <Page url='https://forms.office.com/Pages/ResponsePage.aspx?id=gCO8a9-CREaDOE-no4zyBZ_AEcdYFppHgDZ0tyK76ldUNzUwUjdPR0YxWEhFQ1...

  File "C:\Users\90505\OneDrive\Desktop\halilo\whatsapp_form_filler\venv\Lib\site-packages\playwright\sync_api\_generated.py", line 10829, in inner_text
    self._sync(
    â”‚    â”” <function SyncBase._sync at 0x000001F968BA5300>
    â”” <Page url='https://forms.office.com/Pages/ResponsePage.aspx?id=gCO8a9-CREaDOE-no4zyBZ_AEcdYFppHgDZ0tyK76ldUNzUwUjdPR0YxWEhFQ1...
  File "C:\Users\90505\OneDrive\Desktop\halilo\whatsapp_form_filler\venv\Lib\site-packages\playwright\_impl\_sync_base.py", line 115, in _sync
    return task.result()
           â”‚    â”” <method 'result' of '_asyncio.Task' objects>
           â”” <Task finished name='Task-26' coro=<Page.inner_text() done, defined at C:\Users\90505\OneDrive\Desktop\halilo\whatsapp_form_f...
  File "C:\Users\90505\OneDrive\Desktop\halilo\whatsapp_form_filler\venv\Lib\site-packages\playwright\_impl\_page.py", line 981, in inner_text
    return await self._main_frame.inner_text(**locals_to_params(locals()))
                 â”‚    â”‚           â”‚            â”” <function locals_to_params at 0x000001F968A0F100>
                 â”‚    â”‚           â”” <function Frame.inner_text at 0x000001F968B479C0>
                 â”‚    â”” <Frame name= url='https://forms.office.com/Pages/ResponsePage.aspx?id=gCO8a9-CREaDOE-no4zyBZ_AEcdYFppHgDZ0tyK76ldUNzUwUjdPR0Y...
                 â”” <Page url='https://forms.office.com/Pages/ResponsePage.aspx?id=gCO8a9-CREaDOE-no4zyBZ_AEcdYFppHgDZ0tyK76ldUNzUwUjdPR0YxWEhFQ1...
  File "C:\Users\90505\OneDrive\Desktop\halilo\whatsapp_form_filler\venv\Lib\site-packages\playwright\_impl\_frame.py", line 712, in inner_text
    return await self._channel.send(
                 â”‚    â”‚        â”” <function Channel.send at 0x000001F965722520>
                 â”‚    â”” <playwright._impl._connection.Channel object at 0x000001F9690252B0>
                 â”” <Frame name= url='https://forms.office.com/Pages/ResponsePage.aspx?id=gCO8a9-CREaDOE-no4zyBZ_AEcdYFppHgDZ0tyK76ldUNzUwUjdPR0Y...
  File "C:\Users\90505\OneDrive\Desktop\halilo\whatsapp_form_filler\venv\Lib\site-packages\playwright\_impl\_connection.py", line 69, in send
    return await self._connection.wrap_api_call(
                 â”‚    â”‚           â”” <function Connection.wrap_api_call at 0x000001F968A4A480>
                 â”‚    â”” <playwright._impl._connection.Connection object at 0x000001F968E178C0>
                 â”” <playwright._impl._connection.Channel object at 0x000001F9690252B0>
  File "C:\Users\90505\OneDrive\Desktop\halilo\whatsapp_form_filler\venv\Lib\site-packages\playwright\_impl\_connection.py", line 559, in wrap_api_call
    raise rewrite_error(error, f"{parsed_st['apiName']}: {error}") from None
          â”‚                       â”” {'frames': [{'file': 'C:\\Users\\90505\\OneDrive\\Desktop\\halilo\\whatsapp_form_filler\\agents\\verification_logger.py', 'li...
          â”” <function rewrite_error at 0x000001F96818AD40>

playwright._impl._errors.TargetClosedError: Page.inner_text: Target page, context or browser has been closed
2026-01-26 21:16:06 | INFO     | 
============================================================
2026-01-26 21:16:06 | INFO     | ğŸ¯ Processing form: https://forms.office.com/Pages/ResponsePage.aspx?id=gCO8a9-CREaDOE-no4zyBZ_AEcdYFppHgDZ0tyK76ldUNzUwUjdPR0YxWEhFQ1IyMlBFRDdGN0w5Ry4u
2026-01-26 21:16:06 | INFO     | ============================================================

2026-01-26 21:16:06 | INFO     | â³ Checking rate limits...
2026-01-26 21:16:06 | INFO     | Step 1/6: Opening form...
2026-01-26 21:16:06 | INFO     | ğŸŒ Navigating to: https://forms.office.com/Pages/ResponsePage.aspx?id=gCO8a9-CREaDOE-no4zyBZ_AEcdYFppHgDZ0tyK76ldUNzUwUjdPR0YxWEhFQ1IyMlBFRDdGN0w5Ry4u
2026-01-26 21:16:06 | ERROR    | Navigation failed: Page.goto: Target page, context or browser has been closed
2026-01-26 21:16:06 | ERROR    | 
âŒ FAILED: Failed to navigate to form

2026-01-26 21:16:06 | ERROR    | Screenshot failed: Page.screenshot: Target page, context or browser has been closed
2026-01-26 21:16:06 | INFO     | âœ… Provider identified: microsoft_forms
2026-01-26 21:16:06 | INFO     | ğŸ” Verifying submission...
2026-01-26 21:16:06 | ERROR    | Unexpected error: Page.inner_text: Target page, context or browser has been closed
Traceback (most recent call last):

  File "C:\Users\90505\OneDrive\Desktop\halilo\whatsapp_form_filler\main.py", line 111, in <module>
    main()
    â”” <function main at 0x000001F96813F2E0>

> File "C:\Users\90505\OneDrive\Desktop\halilo\whatsapp_form_filler\main.py", line 83, in main
    success = orchestrator.process_form(form_url)
              â”‚            â”‚            â”” 'https://forms.office.com/Pages/ResponsePage.aspx?id=gCO8a9-CREaDOE-no4zyBZ_AEcdYFppHgDZ0tyK76ldUNzUwUjdPR0YxWEhFQ1IyMlBFRDdG...
              â”‚            â”” <function FormFillingOrchestrator.process_form at 0x000001F968189800>
              â”” <orchestrator.FormFillingOrchestrator object at 0x000001F967C901A0>

  File "C:\Users\90505\OneDrive\Desktop\halilo\whatsapp_form_filler\orchestrator.py", line 193, in process_form
    self.verification_agent.verify_and_log(
    â”‚    â”‚                  â”” <function VerificationLoggerAgent.verify_and_log at 0x000001F968F0A0C0>
    â”‚    â”” <agents.verification_logger.VerificationLoggerAgent object at 0x000001F9680B6270>
    â”” <orchestrator.FormFillingOrchestrator object at 0x000001F967C901A0>

  File "C:\Users\90505\OneDrive\Desktop\halilo\whatsapp_form_filler\agents\verification_logger.py", line 115, in verify_and_log
    page_text = page.inner_text('body')
                â”‚    â”” <function Page.inner_text at 0x000001F968BCFBA0>
                â”” <Page url='https://forms.office.com/Pages/ResponsePage.aspx?id=gCO8a9-CREaDOE-no4zyBZ_AEcdYFppHgDZ0tyK76ldUNzUwUjdPR0YxWEhFQ1...

  File "C:\Users\90505\OneDrive\Desktop\halilo\whatsapp_form_filler\venv\Lib\site-packages\playwright\sync_api\_generated.py", line 10829, in inner_text
    self._sync(
    â”‚    â”” <function SyncBase._sync at 0x000001F968BA5300>
    â”” <Page url='https://forms.office.com/Pages/ResponsePage.aspx?id=gCO8a9-CREaDOE-no4zyBZ_AEcdYFppHgDZ0tyK76ldUNzUwUjdPR0YxWEhFQ1...
  File "C:\Users\90505\OneDrive\Desktop\halilo\whatsapp_form_filler\venv\Lib\site-packages\playwright\_impl\_sync_base.py", line 115, in _sync
    return task.result()
           â”‚    â”” <method 'result' of '_asyncio.Task' objects>
           â”” <Task finished name='Task-29' coro=<Page.inner_text() done, defined at C:\Users\90505\OneDrive\Desktop\halilo\whatsapp_form_f...
  File "C:\Users\90505\OneDrive\Desktop\halilo\whatsapp_form_filler\venv\Lib\site-packages\playwright\_impl\_page.py", line 981, in inner_text
    return await self._main_frame.inner_text(**locals_to_params(locals()))
                 â”‚    â”‚           â”‚            â”” <function locals_to_params at 0x000001F968A0F100>
                 â”‚    â”‚           â”” <function Frame.inner_text at 0x000001F968B479C0>
                 â”‚    â”” <Frame name= url='https://forms.office.com/Pages/ResponsePage.aspx?id=gCO8a9-CREaDOE-no4zyBZ_AEcdYFppHgDZ0tyK76ldUNzUwUjdPR0Y...
                 â”” <Page url='https://forms.office.com/Pages/ResponsePage.aspx?id=gCO8a9-CREaDOE-no4zyBZ_AEcdYFppHgDZ0tyK76ldUNzUwUjdPR0YxWEhFQ1...
  File "C:\Users\90505\OneDrive\Desktop\halilo\whatsapp_form_filler\venv\Lib\site-packages\playwright\_impl\_frame.py", line 712, in inner_text
    return await self._channel.send(
                 â”‚    â”‚        â”” <function Channel.send at 0x000001F965722520>
                 â”‚    â”” <playwright._impl._connection.Channel object at 0x000001F9690252B0>
                 â”” <Frame name= url='https://forms.office.com/Pages/ResponsePage.aspx?id=gCO8a9-CREaDOE-no4zyBZ_AEcdYFppHgDZ0tyK76ldUNzUwUjdPR0Y...
  File "C:\Users\90505\OneDrive\Desktop\halilo\whatsapp_form_filler\venv\Lib\site-packages\playwright\_impl\_connection.py", line 69, in send
    return await self._connection.wrap_api_call(
                 â”‚    â”‚           â”” <function Connection.wrap_api_call at 0x000001F968A4A480>
                 â”‚    â”” <playwright._impl._connection.Connection object at 0x000001F968E178C0>
                 â”” <playwright._impl._connection.Channel object at 0x000001F9690252B0>
  File "C:\Users\90505\OneDrive\Desktop\halilo\whatsapp_form_filler\venv\Lib\site-packages\playwright\_impl\_connection.py", line 559, in wrap_api_call
    raise rewrite_error(error, f"{parsed_st['apiName']}: {error}") from None
          â”‚                       â”” {'frames': [{'file': 'C:\\Users\\90505\\OneDrive\\Desktop\\halilo\\whatsapp_form_filler\\agents\\verification_logger.py', 'li...
          â”” <function rewrite_error at 0x000001F96818AD40>

playwright._impl._errors.TargetClosedError: Page.inner_text: Target page, context or browser has been closed
2026-01-26 21:16:07 | INFO     | 

ğŸ‘‹ Interrupted by user, exiting...
2026-01-26 21:16:07 | INFO     | ğŸ›‘ Stopping orchestrator...
2026-01-26 21:16:07 | INFO     | ğŸ›‘ Closing browser...
2026-01-26 21:16:07 | WARNING  | Could not save session: BrowserContext.storage_state: Target page, context or browser has been closed
2026-01-26 21:16:08 | SUCCESS  | âœ… Browser closed
2026-01-26 21:16:08 | INFO     | 
ğŸ“Š Daily Stats: {'total': 0, 'successful': 0, 'failed': 0, 'captcha': 0, 'avg_processing_time': 0.0}

2026-01-26 21:16:08 | INFO     | 
======================================================================
2026-01-26 21:16:08 | INFO     | ğŸ›‘ System shutdown complete
2026-01-26 21:16:08 | INFO     | ======================================================================
2026-01-26 21:16:11 | INFO     | Logging configured
2026-01-26 21:16:11 | INFO     | ======================================================================
2026-01-26 21:16:11 | INFO     | ğŸ¤– WhatsApp Form Auto-Fill System - MVP Phase 1
2026-01-26 21:16:11 | INFO     | ======================================================================
2026-01-26 21:16:11 | INFO     | ğŸ‘¤ Student: Halil Eren KepiÃ§
2026-01-26 21:16:11 | INFO     | ğŸ†” ID: 2306002093
2026-01-26 21:16:11 | INFO     | ğŸ“ Database: C:\Users\90505\OneDrive\Desktop\halilo\whatsapp_form_filler\data\whatsapp_form_filler.db
2026-01-26 21:16:11 | INFO     | ğŸ“‚ Logs: C:\Users\90505\OneDrive\Desktop\halilo\whatsapp_form_filler\logs
2026-01-26 21:16:11 | INFO     | ======================================================================
2026-01-26 21:16:11 | WARNING  | âš ï¸  OpenAI API key not configured - AI fallback disabled
2026-01-26 21:16:11 | INFO     | ğŸ­ Initializing Form Filling Orchestrator...
2026-01-26 21:16:11 | INFO     | ğŸ§  Form Intelligence Agent initialized with 3 plugins
2026-01-26 21:16:11 | INFO     | ğŸ“ Verification & Logging Agent initialized
2026-01-26 21:16:11 | SUCCESS  | âœ… Orchestrator initialized
2026-01-26 21:16:11 | INFO     | ğŸš€ Starting orchestrator...
2026-01-26 21:16:11 | INFO     | ğŸš€ Starting browser automation agent...
2026-01-26 21:16:12 | INFO     | ğŸ” Using Chrome profile for authentication...
2026-01-26 21:16:12 | WARNING  | Could not use Chrome profile: BrowserType.launch_persistent_context: Target page, context or browser has been closed
Browser logs:

<launching> C:\Program Files\Google\Chrome\Application\chrome.exe --disable-field-trial-config --disable-background-networking --disable-background-timer-throttling --disable-backgrounding-occluded-windows --disable-back-forward-cache --disable-breakpad --disable-client-side-phishing-detection --disable-component-extensions-with-background-pages --disable-component-update --no-default-browser-check --disable-default-apps --disable-dev-shm-usage --disable-extensions --disable-features=AcceptCHFrame,AvoidUnnecessaryBeforeUnloadCheckSync,DestroyProfileOnBrowserClose,DialMediaRouteProvider,GlobalMediaControls,HttpsUpgrades,LensOverlay,MediaRouter,PaintHolding,ThirdPartyStoragePartitioning,Translate,AutoDeElevate,RenderDocument,OptimizationHints --enable-features=CDPScreenshotNewSurface --allow-pre-commit-input --disable-hang-monitor --disable-ipc-flooding-protection --disable-popup-blocking --disable-prompt-on-repost --disable-renderer-backgrounding --force-color-profile=srgb --metrics-recording-only --no-first-run --password-store=basic --use-mock-keychain --no-service-autorun --export-tagged-pdf --disable-search-engine-choice-screen --unsafely-disable-devtools-self-xss-warnings --edge-skip-compat-layer-relaunch --enable-automation --disable-infobars --disable-search-engine-choice-screen --disable-sync --no-sandbox --disable-blink-features=AutomationControlled --disable-dev-shm-usage --no-sandbox --disable-setuid-sandbox --disable-infobars --window-position=0,0 --ignore-certificate-errors --ignore-certificate-errors-spki-list --disable-blink-features --disable-features=IsolateOrigins,site-per-process --user-data-dir=C:\Users\90505\AppData\Local\Google\Chrome\User Data --remote-debugging-pipe about:blank
<launched> pid=9348
Call log:
  - <launching> C:\Program Files\Google\Chrome\Application\chrome.exe --disable-field-trial-config --disable-background-networking --disable-background-timer-throttling --disable-backgrounding-occluded-windows --disable-back-forward-cache --disable-breakpad --disable-client-side-phishing-detection --disable-component-extensions-with-background-pages --disable-component-update --no-default-browser-check --disable-default-apps --disable-dev-shm-usage --disable-extensions --disable-features=AcceptCHFrame,AvoidUnnecessaryBeforeUnloadCheckSync,DestroyProfileOnBrowserClose,DialMediaRouteProvider,GlobalMediaControls,HttpsUpgrades,LensOverlay,MediaRouter,PaintHolding,ThirdPartyStoragePartitioning,Translate,AutoDeElevate,RenderDocument,OptimizationHints --enable-features=CDPScreenshotNewSurface --allow-pre-commit-input --disable-hang-monitor --disable-ipc-flooding-protection --disable-popup-blocking --disable-prompt-on-repost --disable-renderer-backgrounding --force-color-profile=srgb --metrics-recording-only --no-first-run --password-store=basic --use-mock-keychain --no-service-autorun --export-tagged-pdf --disable-search-engine-choice-screen --unsafely-disable-devtools-self-xss-warnings --edge-skip-compat-layer-relaunch --enable-automation --disable-infobars --disable-search-engine-choice-screen --disable-sync --no-sandbox --disable-blink-features=AutomationControlled --disable-dev-shm-usage --no-sandbox --disable-setuid-sandbox --disable-infobars --window-position=0,0 --ignore-certificate-errors --ignore-certificate-errors-spki-list --disable-blink-features --disable-features=IsolateOrigins,site-per-process --user-data-dir=C:\Users\90505\AppData\Local\Google\Chrome\User Data --remote-debugging-pipe about:blank
  - <launched> pid=9348
  - [pid=9348] <gracefully close start>
  - [pid=9348] <kill>
  - [pid=9348] <will force kill>
  - [pid=9348] taskkill stderr: ERROR: The process "9348" not found.
  - [pid=9348] <process did exit: exitCode=21, signal=null>
  - [pid=9348] starting temporary directories cleanup
  - [pid=9348] finished temporary directories cleanup
  - [pid=9348] <gracefully close end>

2026-01-26 21:16:12 | INFO     | Falling back to Chromium...
2026-01-26 21:16:12 | INFO     | Using Chromium with session file...
2026-01-26 21:16:13 | SUCCESS  | âœ… Browser started successfully
2026-01-26 21:16:13 | INFO     | 
======================================================================
2026-01-26 21:16:13 | INFO     | ğŸ§ª TEST MODE
2026-01-26 21:16:13 | INFO     | ======================================================================
2026-01-26 21:16:13 | INFO     | 
Paste a Microsoft Forms URL to test (or 'quit' to exit):

2026-01-26 21:16:18 | INFO     | 
============================================================
2026-01-26 21:16:18 | INFO     | ğŸ¯ Processing form: https://forms.office.com/Pages/ResponsePage.aspx?id=gCO8a9-CREaDOE-no4zyBZ_AEcdYFppHgDZ0tyK76ldUNzUwUjdPR0YxWEhFQ1IyMlBFRDdGN0w5Ry4u
2026-01-26 21:16:18 | INFO     | ============================================================

2026-01-26 21:16:18 | INFO     | â³ Checking rate limits...
2026-01-26 21:16:18 | INFO     | Step 1/6: Opening form...
2026-01-26 21:16:18 | INFO     | ğŸŒ Navigating to: https://forms.office.com/Pages/ResponsePage.aspx?id=gCO8a9-CREaDOE-no4zyBZ_AEcdYFppHgDZ0tyK76ldUNzUwUjdPR0YxWEhFQ1IyMlBFRDdGN0w5Ry4u
2026-01-26 21:16:20 | SUCCESS  | âœ… Navigation complete
2026-01-26 21:16:21 | INFO     | Step 2/6: Analyzing form structure...
2026-01-26 21:16:21 | INFO     | ğŸ” Starting form analysis...
2026-01-26 21:16:21 | INFO     | âœ… Provider identified: microsoft_forms
2026-01-26 21:16:21 | INFO     | ğŸ” Analyzing Microsoft Forms structure...
2026-01-26 21:16:31 | ERROR    | Form did not load properly: Page.wait_for_selector: Timeout 10000ms exceeded.
Call log:
  - waiting for locator("[data-automation-id=\"questionItem\"]") to be visible

2026-01-26 21:16:31 | ERROR    | âŒ Form analysis failed
2026-01-26 21:16:31 | ERROR    | 
âŒ FAILED: Form analysis failed

2026-01-26 21:16:31 | INFO     | ğŸ” Verifying submission...
2026-01-26 21:16:31 | ERROR    | âŒ Submission failed
2026-01-26 21:16:31 | ERROR    | Unexpected error: 'str' object has no attribute 'value'
Traceback (most recent call last):

  File "C:\Users\90505\OneDrive\Desktop\halilo\whatsapp_form_filler\orchestrator.py", line 107, in process_form
    raise Exception("Form analysis failed")

Exception: Form analysis failed


During handling of the above exception, another exception occurred:


Traceback (most recent call last):

  File "C:\Users\90505\OneDrive\Desktop\halilo\whatsapp_form_filler\main.py", line 111, in <module>
    main()
    â”” <function main at 0x000002896AC5F2E0>

> File "C:\Users\90505\OneDrive\Desktop\halilo\whatsapp_form_filler\main.py", line 83, in main
    success = orchestrator.process_form(form_url)
              â”‚            â”‚            â”” 'https://forms.office.com/Pages/ResponsePage.aspx?id=gCO8a9-CREaDOE-no4zyBZ_AEcdYFppHgDZ0tyK76ldUNzUwUjdPR0YxWEhFQ1IyMlBFRDdG...
              â”‚            â”” <function FormFillingOrchestrator.process_form at 0x000002896ACA9800>
              â”” <orchestrator.FormFillingOrchestrator object at 0x0000028969F801A0>

  File "C:\Users\90505\OneDrive\Desktop\halilo\whatsapp_form_filler\orchestrator.py", line 193, in process_form
    self.verification_agent.verify_and_log(
    â”‚    â”‚                  â”” <function VerificationLoggerAgent.verify_and_log at 0x000002896B27A0C0>
    â”‚    â”” <agents.verification_logger.VerificationLoggerAgent object at 0x000002896A3D6270>
    â”” <orchestrator.FormFillingOrchestrator object at 0x0000028969F801A0>

  File "C:\Users\90505\OneDrive\Desktop\halilo\whatsapp_form_filler\agents\verification_logger.py", line 150, in verify_and_log
    submission_id = self._save_to_database(submission)
                    â”‚    â”‚                 â”” FormSubmission(id=None, timestamp=datetime.datetime(2026, 1, 26, 21, 16, 31, 364465), form_url='https://forms.office.com/Page...
                    â”‚    â”” <function VerificationLoggerAgent._save_to_database at 0x000002896B27A160>
                    â”” <agents.verification_logger.VerificationLoggerAgent object at 0x000002896A3D6270>

  File "C:\Users\90505\OneDrive\Desktop\halilo\whatsapp_form_filler\agents\verification_logger.py", line 194, in _save_to_database
    submission.form_provider.value,
    â”‚          â”” 'microsoft_forms'
    â”” FormSubmission(id=None, timestamp=datetime.datetime(2026, 1, 26, 21, 16, 31, 364465), form_url='https://forms.office.com/Page...

AttributeError: 'str' object has no attribute 'value'
2026-01-26 21:18:42 | INFO     | 

ğŸ‘‹ Interrupted by user, exiting...
2026-01-26 21:18:42 | INFO     | ğŸ›‘ Stopping orchestrator...
2026-01-26 21:18:42 | INFO     | ğŸ›‘ Closing browser...
2026-01-26 21:18:42 | WARNING  | Could not save session: BrowserContext.storage_state: Target page, context or browser has been closed
2026-01-26 21:18:43 | SUCCESS  | âœ… Browser closed
2026-01-26 21:18:43 | INFO     | 
ğŸ“Š Daily Stats: {'total': 0, 'successful': 0, 'failed': 0, 'captcha': 0, 'avg_processing_time': 0.0}

2026-01-26 21:18:43 | INFO     | 
======================================================================
2026-01-26 21:18:43 | INFO     | ğŸ›‘ System shutdown complete
2026-01-26 21:18:43 | INFO     | ======================================================================
2026-01-26 21:18:47 | INFO     | Logging configured
2026-01-26 21:18:47 | INFO     | ======================================================================
2026-01-26 21:18:47 | INFO     | ğŸ¤– WhatsApp Form Auto-Fill System - MVP Phase 1
2026-01-26 21:18:47 | INFO     | ======================================================================
2026-01-26 21:18:47 | INFO     | ğŸ‘¤ Student: Halil Eren KepiÃ§
2026-01-26 21:18:47 | INFO     | ğŸ†” ID: 2306002093
2026-01-26 21:18:47 | INFO     | ğŸ“ Database: C:\Users\90505\OneDrive\Desktop\halilo\whatsapp_form_filler\data\whatsapp_form_filler.db
2026-01-26 21:18:47 | INFO     | ğŸ“‚ Logs: C:\Users\90505\OneDrive\Desktop\halilo\whatsapp_form_filler\logs
2026-01-26 21:18:47 | INFO     | ======================================================================
2026-01-26 21:18:47 | WARNING  | âš ï¸  OpenAI API key not configured - AI fallback disabled
2026-01-26 21:18:47 | INFO     | ğŸ­ Initializing Form Filling Orchestrator...
2026-01-26 21:18:47 | INFO     | ğŸ§  Form Intelligence Agent initialized with 3 plugins
2026-01-26 21:18:47 | INFO     | ğŸ“ Verification & Logging Agent initialized
2026-01-26 21:18:47 | SUCCESS  | âœ… Orchestrator initialized
2026-01-26 21:18:47 | INFO     | ğŸš€ Starting orchestrator...
2026-01-26 21:18:47 | INFO     | ğŸš€ Starting browser automation agent...
2026-01-26 21:18:47 | INFO     | ğŸ” Using Chrome profile for authentication...
2026-01-26 21:19:18 | WARNING  | Could not use Chrome profile: BrowserType.launch_persistent_context: Target page, context or browser has been closed
Browser logs:

<launching> C:\Program Files\Google\Chrome\Application\chrome.exe --disable-field-trial-config --disable-background-networking --disable-background-timer-throttling --disable-backgrounding-occluded-windows --disable-back-forward-cache --disable-breakpad --disable-client-side-phishing-detection --disable-component-extensions-with-background-pages --disable-component-update --no-default-browser-check --disable-default-apps --disable-dev-shm-usage --disable-extensions --disable-features=AcceptCHFrame,AvoidUnnecessaryBeforeUnloadCheckSync,DestroyProfileOnBrowserClose,DialMediaRouteProvider,GlobalMediaControls,HttpsUpgrades,LensOverlay,MediaRouter,PaintHolding,ThirdPartyStoragePartitioning,Translate,AutoDeElevate,RenderDocument,OptimizationHints --enable-features=CDPScreenshotNewSurface --allow-pre-commit-input --disable-hang-monitor --disable-ipc-flooding-protection --disable-popup-blocking --disable-prompt-on-repost --disable-renderer-backgrounding --force-color-profile=srgb --metrics-recording-only --no-first-run --password-store=basic --use-mock-keychain --no-service-autorun --export-tagged-pdf --disable-search-engine-choice-screen --unsafely-disable-devtools-self-xss-warnings --edge-skip-compat-layer-relaunch --enable-automation --disable-infobars --disable-search-engine-choice-screen --disable-sync --no-sandbox --disable-blink-features=AutomationControlled --disable-dev-shm-usage --no-sandbox --disable-setuid-sandbox --disable-infobars --window-position=0,0 --ignore-certificate-errors --ignore-certificate-errors-spki-list --disable-blink-features --disable-features=IsolateOrigins,site-per-process --user-data-dir=C:\Users\90505\AppData\Local\Google\Chrome\User Data --remote-debugging-pipe about:blank
<launched> pid=18848
[pid=18848][err] [18848:14304:0126/211847.967:ERROR:chrome\browser\os_crypt\app_bound_encryption_provider_win.cc:141] Unable to decrypt key. Result: Sistem belirtilen dosyayÄ± bulamÄ±yor. (0x80070002) GetLastError: 31
[pid=18848][err] 
[pid=18848][err] DevTools remote debugging requires a non-default data directory. Specify this using --user-data-dir.
[pid=18848][err] Created TensorFlow Lite XNNPACK delegate for CPU.
[pid=18848][err] [18848:18368:0126/211850.945:ERROR:google_apis\gcm\engine\registration_request.cc:291] Registration response error message: DEPRECATED_ENDPOINT
Call log:
  - <launching> C:\Program Files\Google\Chrome\Application\chrome.exe --disable-field-trial-config --disable-background-networking --disable-background-timer-throttling --disable-backgrounding-occluded-windows --disable-back-forward-cache --disable-breakpad --disable-client-side-phishing-detection --disable-component-extensions-with-background-pages --disable-component-update --no-default-browser-check --disable-default-apps --disable-dev-shm-usage --disable-extensions --disable-features=AcceptCHFrame,AvoidUnnecessaryBeforeUnloadCheckSync,DestroyProfileOnBrowserClose,DialMediaRouteProvider,GlobalMediaControls,HttpsUpgrades,LensOverlay,MediaRouter,PaintHolding,ThirdPartyStoragePartitioning,Translate,AutoDeElevate,RenderDocument,OptimizationHints --enable-features=CDPScreenshotNewSurface --allow-pre-commit-input --disable-hang-monitor --disable-ipc-flooding-protection --disable-popup-blocking --disable-prompt-on-repost --disable-renderer-backgrounding --force-color-profile=srgb --metrics-recording-only --no-first-run --password-store=basic --use-mock-keychain --no-service-autorun --export-tagged-pdf --disable-search-engine-choice-screen --unsafely-disable-devtools-self-xss-warnings --edge-skip-compat-layer-relaunch --enable-automation --disable-infobars --disable-search-engine-choice-screen --disable-sync --no-sandbox --disable-blink-features=AutomationControlled --disable-dev-shm-usage --no-sandbox --disable-setuid-sandbox --disable-infobars --window-position=0,0 --ignore-certificate-errors --ignore-certificate-errors-spki-list --disable-blink-features --disable-features=IsolateOrigins,site-per-process --user-data-dir=C:\Users\90505\AppData\Local\Google\Chrome\User Data --remote-debugging-pipe about:blank
  - <launched> pid=18848
  - [pid=18848][err] [18848:14304:0126/211847.967:ERROR:chrome\browser\os_crypt\app_bound_encryption_provider_win.cc:141] Unable to decrypt key. Result: Sistem belirtilen dosyayÄ± bulamÄ±yor. (0x80070002) GetLastError: 31
  - [pid=18848][err]
  - [pid=18848][err] DevTools remote debugging requires a non-default data directory. Specify this using --user-data-dir.
  - [pid=18848][err] Created TensorFlow Lite XNNPACK delegate for CPU.
  - [pid=18848][err] [18848:18368:0126/211850.945:ERROR:google_apis\gcm\engine\registration_request.cc:291] Registration response error message: DEPRECATED_ENDPOINT
  - [pid=18848] <gracefully close start>
  - [pid=18848] <kill>
  - [pid=18848] <will force kill>
  - [pid=18848] taskkill stderr: ERROR: The process "18848" not found.
  - [pid=18848] <process did exit: exitCode=0, signal=null>
  - [pid=18848] starting temporary directories cleanup
  - [pid=18848] finished temporary directories cleanup
  - [pid=18848] <gracefully close end>

2026-01-26 21:19:18 | INFO     | Falling back to Chromium...
2026-01-26 21:19:18 | INFO     | Using Chromium with session file...
2026-01-26 21:19:19 | SUCCESS  | âœ… Browser started successfully
2026-01-26 21:19:19 | INFO     | 
======================================================================
2026-01-26 21:19:19 | INFO     | ğŸ§ª TEST MODE
2026-01-26 21:19:19 | INFO     | ======================================================================
2026-01-26 21:19:19 | INFO     | 
Paste a Microsoft Forms URL to test (or 'quit' to exit):

2026-01-26 21:19:24 | INFO     | 

ğŸ‘‹ Interrupted by user, exiting...
2026-01-26 21:19:24 | INFO     | ğŸ›‘ Stopping orchestrator...
2026-01-26 21:19:24 | INFO     | ğŸ›‘ Closing browser...
2026-01-26 21:19:24 | WARNING  | Could not save session: BrowserContext.storage_state: Target page, context or browser has been closed
2026-01-26 21:19:24 | SUCCESS  | âœ… Browser closed
2026-01-26 21:19:24 | INFO     | 
ğŸ“Š Daily Stats: {'total': 0, 'successful': 0, 'failed': 0, 'captcha': 0, 'avg_processing_time': 0.0}

2026-01-26 21:19:24 | INFO     | 
======================================================================
2026-01-26 21:19:24 | INFO     | ğŸ›‘ System shutdown complete
2026-01-26 21:19:24 | INFO     | ======================================================================
2026-01-26 21:19:27 | INFO     | Logging configured
2026-01-26 21:19:27 | INFO     | ======================================================================
2026-01-26 21:19:27 | INFO     | ğŸ¤– WhatsApp Form Auto-Fill System - MVP Phase 1
2026-01-26 21:19:27 | INFO     | ======================================================================
2026-01-26 21:19:27 | INFO     | ğŸ‘¤ Student: Halil Eren KepiÃ§
2026-01-26 21:19:27 | INFO     | ğŸ†” ID: 2306002093
2026-01-26 21:19:27 | INFO     | ğŸ“ Database: C:\Users\90505\OneDrive\Desktop\halilo\whatsapp_form_filler\data\whatsapp_form_filler.db
2026-01-26 21:19:27 | INFO     | ğŸ“‚ Logs: C:\Users\90505\OneDrive\Desktop\halilo\whatsapp_form_filler\logs
2026-01-26 21:19:27 | INFO     | ======================================================================
2026-01-26 21:19:27 | WARNING  | âš ï¸  OpenAI API key not configured - AI fallback disabled
2026-01-26 21:19:27 | INFO     | ğŸ­ Initializing Form Filling Orchestrator...
2026-01-26 21:19:27 | INFO     | ğŸ§  Form Intelligence Agent initialized with 3 plugins
2026-01-26 21:19:27 | INFO     | ğŸ“ Verification & Logging Agent initialized
2026-01-26 21:19:27 | SUCCESS  | âœ… Orchestrator initialized
2026-01-26 21:19:27 | INFO     | ğŸš€ Starting orchestrator...
2026-01-26 21:19:27 | INFO     | ğŸš€ Starting browser automation agent...
2026-01-26 21:19:28 | INFO     | ğŸ” Using Chrome profile for authentication...
2026-01-26 21:19:57 | WARNING  | Could not use Chrome profile: BrowserType.launch_persistent_context: Target page, context or browser has been closed
Browser logs:

<launching> C:\Program Files\Google\Chrome\Application\chrome.exe --disable-field-trial-config --disable-background-networking --disable-background-timer-throttling --disable-backgrounding-occluded-windows --disable-back-forward-cache --disable-breakpad --disable-client-side-phishing-detection --disable-component-extensions-with-background-pages --disable-component-update --no-default-browser-check --disable-default-apps --disable-dev-shm-usage --disable-extensions --disable-features=AcceptCHFrame,AvoidUnnecessaryBeforeUnloadCheckSync,DestroyProfileOnBrowserClose,DialMediaRouteProvider,GlobalMediaControls,HttpsUpgrades,LensOverlay,MediaRouter,PaintHolding,ThirdPartyStoragePartitioning,Translate,AutoDeElevate,RenderDocument,OptimizationHints --enable-features=CDPScreenshotNewSurface --allow-pre-commit-input --disable-hang-monitor --disable-ipc-flooding-protection --disable-popup-blocking --disable-prompt-on-repost --disable-renderer-backgrounding --force-color-profile=srgb --metrics-recording-only --no-first-run --password-store=basic --use-mock-keychain --no-service-autorun --export-tagged-pdf --disable-search-engine-choice-screen --unsafely-disable-devtools-self-xss-warnings --edge-skip-compat-layer-relaunch --enable-automation --disable-infobars --disable-search-engine-choice-screen --disable-sync --no-sandbox --disable-blink-features=AutomationControlled --disable-dev-shm-usage --no-sandbox --disable-setuid-sandbox --disable-infobars --window-position=0,0 --ignore-certificate-errors --ignore-certificate-errors-spki-list --disable-blink-features --disable-features=IsolateOrigins,site-per-process --user-data-dir=C:\Users\90505\AppData\Local\Google\Chrome\User Data --remote-debugging-pipe about:blank
<launched> pid=7096
[pid=7096][err] [7096:9904:0126/211928.365:ERROR:chrome\browser\os_crypt\app_bound_encryption_provider_win.cc:141] Unable to decrypt key. Result: Sistem belirtilen dosyayÄ± bulamÄ±yor. (0x80070002) GetLastError: 31
[pid=7096][err] 
[pid=7096][err] DevTools remote debugging requires a non-default data directory. Specify this using --user-data-dir.
[pid=7096][err] Created TensorFlow Lite XNNPACK delegate for CPU.
[pid=7096][err] [7096:4676:0126/211932.125:ERROR:google_apis\gcm\engine\registration_request.cc:291] Registration response error message: DEPRECATED_ENDPOINT
Call log:
  - <launching> C:\Program Files\Google\Chrome\Application\chrome.exe --disable-field-trial-config --disable-background-networking --disable-background-timer-throttling --disable-backgrounding-occluded-windows --disable-back-forward-cache --disable-breakpad --disable-client-side-phishing-detection --disable-component-extensions-with-background-pages --disable-component-update --no-default-browser-check --disable-default-apps --disable-dev-shm-usage --disable-extensions --disable-features=AcceptCHFrame,AvoidUnnecessaryBeforeUnloadCheckSync,DestroyProfileOnBrowserClose,DialMediaRouteProvider,GlobalMediaControls,HttpsUpgrades,LensOverlay,MediaRouter,PaintHolding,ThirdPartyStoragePartitioning,Translate,AutoDeElevate,RenderDocument,OptimizationHints --enable-features=CDPScreenshotNewSurface --allow-pre-commit-input --disable-hang-monitor --disable-ipc-flooding-protection --disable-popup-blocking --disable-prompt-on-repost --disable-renderer-backgrounding --force-color-profile=srgb --metrics-recording-only --no-first-run --password-store=basic --use-mock-keychain --no-service-autorun --export-tagged-pdf --disable-search-engine-choice-screen --unsafely-disable-devtools-self-xss-warnings --edge-skip-compat-layer-relaunch --enable-automation --disable-infobars --disable-search-engine-choice-screen --disable-sync --no-sandbox --disable-blink-features=AutomationControlled --disable-dev-shm-usage --no-sandbox --disable-setuid-sandbox --disable-infobars --window-position=0,0 --ignore-certificate-errors --ignore-certificate-errors-spki-list --disable-blink-features --disable-features=IsolateOrigins,site-per-process --user-data-dir=C:\Users\90505\AppData\Local\Google\Chrome\User Data --remote-debugging-pipe about:blank
  - <launched> pid=7096
  - [pid=7096][err] [7096:9904:0126/211928.365:ERROR:chrome\browser\os_crypt\app_bound_encryption_provider_win.cc:141] Unable to decrypt key. Result: Sistem belirtilen dosyayÄ± bulamÄ±yor. (0x80070002) GetLastError: 31
  - [pid=7096][err]
  - [pid=7096][err] DevTools remote debugging requires a non-default data directory. Specify this using --user-data-dir.
  - [pid=7096][err] Created TensorFlow Lite XNNPACK delegate for CPU.
  - [pid=7096][err] [7096:4676:0126/211932.125:ERROR:google_apis\gcm\engine\registration_request.cc:291] Registration response error message: DEPRECATED_ENDPOINT
  - [pid=7096] <gracefully close start>
  - [pid=7096] <kill>
  - [pid=7096] <will force kill>
  - [pid=7096] taskkill stderr: ERROR: The process "7096" not found.
  - [pid=7096] <process did exit: exitCode=0, signal=null>
  - [pid=7096] starting temporary directories cleanup
  - [pid=7096] finished temporary directories cleanup
  - [pid=7096] <gracefully close end>

2026-01-26 21:19:57 | INFO     | Falling back to Chromium...
2026-01-26 21:19:57 | INFO     | Using Chromium with session file...
2026-01-26 21:19:57 | SUCCESS  | âœ… Browser started successfully
2026-01-26 21:19:57 | INFO     | 
======================================================================
2026-01-26 21:19:57 | INFO     | ğŸ§ª TEST MODE
2026-01-26 21:19:57 | INFO     | ======================================================================
2026-01-26 21:19:57 | INFO     | 
Paste a Microsoft Forms URL to test (or 'quit' to exit):

2026-01-26 21:22:02 | INFO     | 
============================================================
2026-01-26 21:22:02 | INFO     | ğŸ¯ Processing form: https://forms.office.com/Pages/ResponsePage.aspx?id=gCO8a9-CREaDOE-no4zyBZ_AEcdYFppHgDZ0tyK76ldUNzUwUjdPR0YxWEhFQ1IyMlBFRDdGN0w5Ry4u
2026-01-26 21:22:02 | INFO     | ============================================================

2026-01-26 21:22:02 | INFO     | â³ Checking rate limits...
2026-01-26 21:22:02 | INFO     | Step 1/6: Opening form...
2026-01-26 21:22:02 | INFO     | ğŸŒ Navigating to: https://forms.office.com/Pages/ResponsePage.aspx?id=gCO8a9-CREaDOE-no4zyBZ_AEcdYFppHgDZ0tyK76ldUNzUwUjdPR0YxWEhFQ1IyMlBFRDdGN0w5Ry4u
2026-01-26 21:22:02 | ERROR    | Navigation failed: Page.goto: Target page, context or browser has been closed
2026-01-26 21:22:02 | ERROR    | 
âŒ FAILED: Failed to navigate to form

2026-01-26 21:22:02 | ERROR    | Screenshot failed: Page.screenshot: Target page, context or browser has been closed
2026-01-26 21:22:02 | INFO     | âœ… Provider identified: microsoft_forms
2026-01-26 21:22:02 | INFO     | ğŸ” Verifying submission...
2026-01-26 21:22:02 | ERROR    | Unexpected error: Page.inner_text: Target page, context or browser has been closed
Traceback (most recent call last):

  File "C:\Users\90505\OneDrive\Desktop\halilo\whatsapp_form_filler\main.py", line 111, in <module>
    main()
    â”” <function main at 0x000002AD4D38F2E0>

> File "C:\Users\90505\OneDrive\Desktop\halilo\whatsapp_form_filler\main.py", line 83, in main
    success = orchestrator.process_form(form_url)
              â”‚            â”‚            â”” 'https://forms.office.com/Pages/ResponsePage.aspx?id=gCO8a9-CREaDOE-no4zyBZ_AEcdYFppHgDZ0tyK76ldUNzUwUjdPR0YxWEhFQ1IyMlBFRDdG...
              â”‚            â”” <function FormFillingOrchestrator.process_form at 0x000002AD4D3D9800>
              â”” <orchestrator.FormFillingOrchestrator object at 0x000002AD4CEE01A0>

  File "C:\Users\90505\OneDrive\Desktop\halilo\whatsapp_form_filler\orchestrator.py", line 193, in process_form
    self.verification_agent.verify_and_log(
    â”‚    â”‚                  â”” <function VerificationLoggerAgent.verify_and_log at 0x000002AD4E15A0C0>
    â”‚    â”” <agents.verification_logger.VerificationLoggerAgent object at 0x000002AD4D306270>
    â”” <orchestrator.FormFillingOrchestrator object at 0x000002AD4CEE01A0>

  File "C:\Users\90505\OneDrive\Desktop\halilo\whatsapp_form_filler\agents\verification_logger.py", line 115, in verify_and_log
    page_text = page.inner_text('body')
                â”‚    â”” <function Page.inner_text at 0x000002AD4DE1FBA0>
                â”” <Page url='https://forms.office.com/Pages/ResponsePage.aspx?id=gCO8a9-CREaDOE-no4zyBZ_AEcdYFppHgDZ0tyK76ldUNzUwUjdPR0YxWEhFQ1...

  File "C:\Users\90505\OneDrive\Desktop\halilo\whatsapp_form_filler\venv\Lib\site-packages\playwright\sync_api\_generated.py", line 10829, in inner_text
    self._sync(
    â”‚    â”” <function SyncBase._sync at 0x000002AD4DDF5300>
    â”” <Page url='https://forms.office.com/Pages/ResponsePage.aspx?id=gCO8a9-CREaDOE-no4zyBZ_AEcdYFppHgDZ0tyK76ldUNzUwUjdPR0YxWEhFQ1...
  File "C:\Users\90505\OneDrive\Desktop\halilo\whatsapp_form_filler\venv\Lib\site-packages\playwright\_impl\_sync_base.py", line 115, in _sync
    return task.result()
           â”‚    â”” <method 'result' of '_asyncio.Task' objects>
           â”” <Task finished name='Task-11' coro=<Page.inner_text() done, defined at C:\Users\90505\OneDrive\Desktop\halilo\whatsapp_form_f...
  File "C:\Users\90505\OneDrive\Desktop\halilo\whatsapp_form_filler\venv\Lib\site-packages\playwright\_impl\_page.py", line 981, in inner_text
    return await self._main_frame.inner_text(**locals_to_params(locals()))
                 â”‚    â”‚           â”‚            â”” <function locals_to_params at 0x000002AD4DC5F100>
                 â”‚    â”‚           â”” <function Frame.inner_text at 0x000002AD4DD979C0>
                 â”‚    â”” <Frame name= url='https://forms.office.com/Pages/ResponsePage.aspx?id=gCO8a9-CREaDOE-no4zyBZ_AEcdYFppHgDZ0tyK76ldUNzUwUjdPR0Y...
                 â”” <Page url='https://forms.office.com/Pages/ResponsePage.aspx?id=gCO8a9-CREaDOE-no4zyBZ_AEcdYFppHgDZ0tyK76ldUNzUwUjdPR0YxWEhFQ1...
  File "C:\Users\90505\OneDrive\Desktop\halilo\whatsapp_form_filler\venv\Lib\site-packages\playwright\_impl\_frame.py", line 712, in inner_text
    return await self._channel.send(
                 â”‚    â”‚        â”” <function Channel.send at 0x000002AD4A8E2520>
                 â”‚    â”” <playwright._impl._connection.Channel object at 0x000002AD4E275550>
                 â”” <Frame name= url='https://forms.office.com/Pages/ResponsePage.aspx?id=gCO8a9-CREaDOE-no4zyBZ_AEcdYFppHgDZ0tyK76ldUNzUwUjdPR0Y...
  File "C:\Users\90505\OneDrive\Desktop\halilo\whatsapp_form_filler\venv\Lib\site-packages\playwright\_impl\_connection.py", line 69, in send
    return await self._connection.wrap_api_call(
                 â”‚    â”‚           â”” <function Connection.wrap_api_call at 0x000002AD4DC9A480>
                 â”‚    â”” <playwright._impl._connection.Connection object at 0x000002AD4E057A10>
                 â”” <playwright._impl._connection.Channel object at 0x000002AD4E275550>
  File "C:\Users\90505\OneDrive\Desktop\halilo\whatsapp_form_filler\venv\Lib\site-packages\playwright\_impl\_connection.py", line 559, in wrap_api_call
    raise rewrite_error(error, f"{parsed_st['apiName']}: {error}") from None
          â”‚                       â”” {'frames': [{'file': 'C:\\Users\\90505\\OneDrive\\Desktop\\halilo\\whatsapp_form_filler\\agents\\verification_logger.py', 'li...
          â”” <function rewrite_error at 0x000002AD4D3DAD40>

playwright._impl._errors.TargetClosedError: Page.inner_text: Target page, context or browser has been closed
2026-01-26 21:22:05 | INFO     | 

ğŸ‘‹ Interrupted by user, exiting...
2026-01-26 21:22:05 | INFO     | ğŸ›‘ Stopping orchestrator...
2026-01-26 21:22:05 | INFO     | ğŸ›‘ Closing browser...
2026-01-26 21:22:05 | WARNING  | Could not save session: BrowserContext.storage_state: Target page, context or browser has been closed
2026-01-26 21:22:06 | SUCCESS  | âœ… Browser closed
2026-01-26 21:22:06 | INFO     | 
ğŸ“Š Daily Stats: {'total': 0, 'successful': 0, 'failed': 0, 'captcha': 0, 'avg_processing_time': 0.0}

2026-01-26 21:22:06 | INFO     | 
======================================================================
2026-01-26 21:22:06 | INFO     | ğŸ›‘ System shutdown complete
2026-01-26 21:22:06 | INFO     | ======================================================================
2026-01-26 21:22:09 | INFO     | Logging configured
2026-01-26 21:22:09 | INFO     | ======================================================================
2026-01-26 21:22:09 | INFO     | ğŸ¤– WhatsApp Form Auto-Fill System - MVP Phase 1
2026-01-26 21:22:09 | INFO     | ======================================================================
2026-01-26 21:22:09 | INFO     | ğŸ‘¤ Student: Halil Eren KepiÃ§
2026-01-26 21:22:09 | INFO     | ğŸ†” ID: 2306002093
2026-01-26 21:22:09 | INFO     | ğŸ“ Database: C:\Users\90505\OneDrive\Desktop\halilo\whatsapp_form_filler\data\whatsapp_form_filler.db
2026-01-26 21:22:09 | INFO     | ğŸ“‚ Logs: C:\Users\90505\OneDrive\Desktop\halilo\whatsapp_form_filler\logs
2026-01-26 21:22:09 | INFO     | ======================================================================
2026-01-26 21:22:09 | WARNING  | âš ï¸  OpenAI API key not configured - AI fallback disabled
2026-01-26 21:22:09 | INFO     | ğŸ­ Initializing Form Filling Orchestrator...
2026-01-26 21:22:09 | INFO     | ğŸ§  Form Intelligence Agent initialized with 3 plugins
2026-01-26 21:22:09 | INFO     | ğŸ“ Verification & Logging Agent initialized
2026-01-26 21:22:09 | SUCCESS  | âœ… Orchestrator initialized
2026-01-26 21:22:09 | INFO     | ğŸš€ Starting orchestrator...
2026-01-26 21:22:09 | INFO     | ğŸš€ Starting browser automation agent...
2026-01-26 21:22:09 | INFO     | ğŸ” Using Chrome profile for authentication...
2026-01-26 21:23:37 | WARNING  | Could not use Chrome profile: BrowserType.launch_persistent_context: Target page, context or browser has been closed
Browser logs:

<launching> C:\Program Files\Google\Chrome\Application\chrome.exe --disable-field-trial-config --disable-background-networking --disable-background-timer-throttling --disable-backgrounding-occluded-windows --disable-back-forward-cache --disable-breakpad --disable-client-side-phishing-detection --disable-component-extensions-with-background-pages --disable-component-update --no-default-browser-check --disable-default-apps --disable-dev-shm-usage --disable-extensions --disable-features=AcceptCHFrame,AvoidUnnecessaryBeforeUnloadCheckSync,DestroyProfileOnBrowserClose,DialMediaRouteProvider,GlobalMediaControls,HttpsUpgrades,LensOverlay,MediaRouter,PaintHolding,ThirdPartyStoragePartitioning,Translate,AutoDeElevate,RenderDocument,OptimizationHints --enable-features=CDPScreenshotNewSurface --allow-pre-commit-input --disable-hang-monitor --disable-ipc-flooding-protection --disable-popup-blocking --disable-prompt-on-repost --disable-renderer-backgrounding --force-color-profile=srgb --metrics-recording-only --no-first-run --password-store=basic --use-mock-keychain --no-service-autorun --export-tagged-pdf --disable-search-engine-choice-screen --unsafely-disable-devtools-self-xss-warnings --edge-skip-compat-layer-relaunch --enable-automation --disable-infobars --disable-search-engine-choice-screen --disable-sync --no-sandbox --disable-blink-features=AutomationControlled --disable-dev-shm-usage --no-sandbox --disable-setuid-sandbox --disable-infobars --window-position=0,0 --ignore-certificate-errors --ignore-certificate-errors-spki-list --disable-blink-features --disable-features=IsolateOrigins,site-per-process --user-data-dir=C:\Users\90505\AppData\Local\Google\Chrome\User Data --remote-debugging-pipe about:blank
<launched> pid=10812
[pid=10812][err] [10812:16212:0126/212209.858:ERROR:chrome\browser\os_crypt\app_bound_encryption_provider_win.cc:141] Unable to decrypt key. Result: Sistem belirtilen dosyayÄ± bulamÄ±yor. (0x80070002) GetLastError: 31
[pid=10812][err] 
[pid=10812][err] DevTools remote debugging requires a non-default data directory. Specify this using --user-data-dir.
[pid=10812][err] Created TensorFlow Lite XNNPACK delegate for CPU.
[pid=10812][err] [10812:7524:0126/212212.829:ERROR:google_apis\gcm\engine\registration_request.cc:291] Registration response error message: DEPRECATED_ENDPOINT
[pid=10812][err] [10812:7524:0126/212241.919:ERROR:google_apis\gcm\engine\registration_request.cc:291] Registration response error message: DEPRECATED_ENDPOINT
[pid=10812][err] [10812:7524:0126/212333.544:ERROR:google_apis\gcm\engine\registration_request.cc:291] Registration response error message: QUOTA_EXCEEDED
Call log:
  - <launching> C:\Program Files\Google\Chrome\Application\chrome.exe --disable-field-trial-config --disable-background-networking --disable-background-timer-throttling --disable-backgrounding-occluded-windows --disable-back-forward-cache --disable-breakpad --disable-client-side-phishing-detection --disable-component-extensions-with-background-pages --disable-component-update --no-default-browser-check --disable-default-apps --disable-dev-shm-usage --disable-extensions --disable-features=AcceptCHFrame,AvoidUnnecessaryBeforeUnloadCheckSync,DestroyProfileOnBrowserClose,DialMediaRouteProvider,GlobalMediaControls,HttpsUpgrades,LensOverlay,MediaRouter,PaintHolding,ThirdPartyStoragePartitioning,Translate,AutoDeElevate,RenderDocument,OptimizationHints --enable-features=CDPScreenshotNewSurface --allow-pre-commit-input --disable-hang-monitor --disable-ipc-flooding-protection --disable-popup-blocking --disable-prompt-on-repost --disable-renderer-backgrounding --force-color-profile=srgb --metrics-recording-only --no-first-run --password-store=basic --use-mock-keychain --no-service-autorun --export-tagged-pdf --disable-search-engine-choice-screen --unsafely-disable-devtools-self-xss-warnings --edge-skip-compat-layer-relaunch --enable-automation --disable-infobars --disable-search-engine-choice-screen --disable-sync --no-sandbox --disable-blink-features=AutomationControlled --disable-dev-shm-usage --no-sandbox --disable-setuid-sandbox --disable-infobars --window-position=0,0 --ignore-certificate-errors --ignore-certificate-errors-spki-list --disable-blink-features --disable-features=IsolateOrigins,site-per-process --user-data-dir=C:\Users\90505\AppData\Local\Google\Chrome\User Data --remote-debugging-pipe about:blank
  - <launched> pid=10812
  - [pid=10812][err] [10812:16212:0126/212209.858:ERROR:chrome\browser\os_crypt\app_bound_encryption_provider_win.cc:141] Unable to decrypt key. Result: Sistem belirtilen dosyayÄ± bulamÄ±yor. (0x80070002) GetLastError: 31
  - [pid=10812][err]
  - [pid=10812][err] DevTools remote debugging requires a non-default data directory. Specify this using --user-data-dir.
  - [pid=10812][err] Created TensorFlow Lite XNNPACK delegate for CPU.
  - [pid=10812][err] [10812:7524:0126/212212.829:ERROR:google_apis\gcm\engine\registration_request.cc:291] Registration response error message: DEPRECATED_ENDPOINT
  - [pid=10812][err] [10812:7524:0126/212241.919:ERROR:google_apis\gcm\engine\registration_request.cc:291] Registration response error message: DEPRECATED_ENDPOINT
  - [pid=10812][err] [10812:7524:0126/212333.544:ERROR:google_apis\gcm\engine\registration_request.cc:291] Registration response error message: QUOTA_EXCEEDED
  - [pid=10812] <gracefully close start>
  - [pid=10812] <kill>
  - [pid=10812] <will force kill>
  - [pid=10812] taskkill stderr: ERROR: The process "10812" not found.
  - [pid=10812] <process did exit: exitCode=0, signal=null>
  - [pid=10812] starting temporary directories cleanup
  - [pid=10812] finished temporary directories cleanup
  - [pid=10812] <gracefully close end>

2026-01-26 21:23:37 | INFO     | Falling back to Chromium...
2026-01-26 21:23:37 | INFO     | Using Chromium with session file...
2026-01-26 21:23:37 | SUCCESS  | âœ… Browser started successfully
2026-01-26 21:23:37 | INFO     | 
======================================================================
2026-01-26 21:23:37 | INFO     | ğŸ§ª TEST MODE
2026-01-26 21:23:37 | INFO     | ======================================================================
2026-01-26 21:23:37 | INFO     | 
Paste a Microsoft Forms URL to test (or 'quit' to exit):

2026-01-26 21:24:11 | INFO     | 

ğŸ‘‹ Interrupted by user, exiting...
2026-01-26 21:24:11 | INFO     | ğŸ›‘ Stopping orchestrator...
2026-01-26 21:24:11 | INFO     | ğŸ›‘ Closing browser...
2026-01-26 21:24:11 | WARNING  | Could not save session: BrowserContext.storage_state: Target page, context or browser has been closed
2026-01-26 21:24:12 | SUCCESS  | âœ… Browser closed
2026-01-26 21:24:12 | INFO     | 
ğŸ“Š Daily Stats: {'total': 0, 'successful': 0, 'failed': 0, 'captcha': 0, 'avg_processing_time': 0.0}

2026-01-26 21:24:12 | INFO     | 
======================================================================
2026-01-26 21:24:12 | INFO     | ğŸ›‘ System shutdown complete
2026-01-26 21:24:12 | INFO     | ======================================================================
2026-01-26 21:27:40 | INFO     | Logging configured
2026-01-26 21:27:40 | INFO     | ======================================================================
2026-01-26 21:27:40 | INFO     | ğŸ¤– WhatsApp Form Auto-Fill System - MVP Phase 1
2026-01-26 21:27:40 | INFO     | ======================================================================
2026-01-26 21:27:40 | INFO     | ğŸ‘¤ Student: Halil Eren KepiÃ§
2026-01-26 21:27:40 | INFO     | ğŸ†” ID: 2306002093
2026-01-26 21:27:40 | INFO     | ğŸ“ Database: C:\Users\90505\OneDrive\Desktop\halilo\whatsapp_form_filler\data\whatsapp_form_filler.db
2026-01-26 21:27:40 | INFO     | ğŸ“‚ Logs: C:\Users\90505\OneDrive\Desktop\halilo\whatsapp_form_filler\logs
2026-01-26 21:27:40 | INFO     | ======================================================================
2026-01-26 21:27:40 | WARNING  | âš ï¸  OpenAI API key not configured - AI fallback disabled
2026-01-26 21:27:40 | INFO     | ğŸ­ Initializing Form Filling Orchestrator...
2026-01-26 21:27:40 | INFO     | ğŸ§  Form Intelligence Agent initialized with 3 plugins
2026-01-26 21:27:40 | INFO     | ğŸ“ Verification & Logging Agent initialized
2026-01-26 21:27:40 | SUCCESS  | âœ… Orchestrator initialized
2026-01-26 21:27:40 | INFO     | ğŸš€ Starting orchestrator...
2026-01-26 21:27:40 | INFO     | ğŸš€ Starting browser automation agent...
2026-01-26 21:27:41 | INFO     | ğŸ” Using Chrome Default profile for authentication...
2026-01-26 21:27:41 | INFO     | Ensuring Chrome is closed...
2026-01-26 21:28:32 | INFO     | 
ğŸ‘‹ Goodbye!
2026-01-26 21:28:37 | INFO     | Logging configured
2026-01-26 21:28:37 | INFO     | ======================================================================
2026-01-26 21:28:37 | INFO     | ğŸ¤– WhatsApp Form Auto-Fill System - MVP Phase 1
2026-01-26 21:28:37 | INFO     | ======================================================================
2026-01-26 21:28:37 | INFO     | ğŸ‘¤ Student: Halil Eren KepiÃ§
2026-01-26 21:28:37 | INFO     | ğŸ†” ID: 2306002093
2026-01-26 21:28:37 | INFO     | ğŸ“ Database: C:\Users\90505\OneDrive\Desktop\halilo\whatsapp_form_filler\data\whatsapp_form_filler.db
2026-01-26 21:28:37 | INFO     | ğŸ“‚ Logs: C:\Users\90505\OneDrive\Desktop\halilo\whatsapp_form_filler\logs
2026-01-26 21:28:37 | INFO     | ======================================================================
2026-01-26 21:28:37 | WARNING  | âš ï¸  OpenAI API key not configured - AI fallback disabled
2026-01-26 21:28:37 | INFO     | ğŸ­ Initializing Form Filling Orchestrator...
2026-01-26 21:28:37 | INFO     | ğŸ§  Form Intelligence Agent initialized with 3 plugins
2026-01-26 21:28:37 | INFO     | ğŸ“ Verification & Logging Agent initialized
2026-01-26 21:28:37 | SUCCESS  | âœ… Orchestrator initialized
2026-01-26 21:28:37 | INFO     | ğŸš€ Starting orchestrator...
2026-01-26 21:28:37 | INFO     | ğŸš€ Starting browser automation agent...
2026-01-26 21:28:38 | INFO     | ğŸ” Using Chrome Default profile for authentication...
2026-01-26 21:28:38 | INFO     | Ensuring Chrome is closed...
2026-01-26 21:29:15 | INFO     | 
ğŸ‘‹ Goodbye!
